Archive member included because of file (symbol)

D:/Freescale/CW MCU v11.1/MCU/ARM_GCC_Support/ewl/lib/armv6-m\libc.a(sprintf.o)
                              ./Sources/Drivers/GY85/GY85.o (sprintf)
D:/Freescale/CW MCU v11.1/MCU/ARM_GCC_Support/ewl/lib/armv6-m\libc.a(exit.o)
                              ./Project_Settings/Startup_Code/__arm_start.o (exit)
D:/Freescale/CW MCU v11.1/MCU/ARM_GCC_Support/ewl/lib/armv6-m\libc.a(rand.o)
                              ./Generated_Code/UTIL1.o (rand)
D:/Freescale/CW MCU v11.1/MCU/ARM_GCC_Support/ewl/lib/armv6-m\libc.a(strchr.o)
                              ./Generated_Code/UTIL1.o (strchr)
D:/Freescale/CW MCU v11.1/MCU/ARM_GCC_Support/ewl/lib/armv6-m\libc.a(memset.o)
                              ./Generated_Code/tasks.o (memset)
D:/Freescale/CW MCU v11.1/MCU/ARM_GCC_Support/ewl/lib/armv6-m\libc.a(strncmp.o)
                              ./Generated_Code/UTIL1.o (strncmp)
D:/Freescale/CW MCU v11.1/MCU/ARM_GCC_Support/ewl/lib/armv6-m\libc.a(__filll_mem.o)
                              D:/Freescale/CW MCU v11.1/MCU/ARM_GCC_Support/ewl/lib/armv6-m\libc.a(memset.o) (__fill_mem)
D:/Freescale/CW MCU v11.1/MCU/ARM_GCC_Support/ewl/lib/armv6-m\libc.a(memcpy.o)
                              ./Generated_Code/stream_buffer.o (memcpy)
D:/Freescale/CW MCU v11.1/MCU/ARM_GCC_Support/ewl/lib/armv6-m\libc.a(strlen.o)
                              ./Generated_Code/tasks.o (strlen)
D:/Freescale/CW MCU v11.1/MCU/ARM_GCC_Support/ewl/lib/armv6-m\libc.a(printformat_.o)
                              (__pformatter_)
D:/Freescale/CW MCU v11.1/MCU/ARM_GCC_Support/ewl/lib/armv6-m\libc.a(scanformat_.o)
                              (__sformatter)
D:/Freescale/CW MCU v11.1/MCU/ARM_GCC_Support/ewl/lib/armv6-m\libc.a(ctype_aeabi.o)
                              D:/Freescale/CW MCU v11.1/MCU/ARM_GCC_Support/ewl/lib/armv6-m\libc.a(scanformat_.o) (isspace)
D:/Freescale/CW MCU v11.1/MCU/ARM_GCC_Support/ewl/lib/armv6-m\libc.a(vsnprintf.o)
                              D:/Freescale/CW MCU v11.1/MCU/ARM_GCC_Support/ewl/lib/armv6-m\libc.a(sprintf.o) (vsnprintf)
D:/Freescale/CW MCU v11.1/MCU/ARM_GCC_Support/ewl/lib/armv6-m\libc.a(__strtoul.o)
                              D:/Freescale/CW MCU v11.1/MCU/ARM_GCC_Support/ewl/lib/armv6-m\libc.a(scanformat_.o) (__strtoul)
D:/Freescale/CW MCU v11.1/MCU/ARM_GCC_Support/ewl/lib/armv6-m\libc.a(memchr.o)
                              D:/Freescale/CW MCU v11.1/MCU/ARM_GCC_Support/ewl/lib/armv6-m\libc.a(printformat_.o) (memchr)
D:/Freescale/CW MCU v11.1/MCU/ARM_GCC_Support/ewl/lib/armv6-m\libm.a(s_cos.o)
                              ./Sources/wrappers.o (cos)
D:/Freescale/CW MCU v11.1/MCU/ARM_GCC_Support/ewl/lib/armv6-m\libm.a(round.o)
                              ./Sources/wrappers.o (round)
D:/Freescale/CW MCU v11.1/MCU/ARM_GCC_Support/ewl/lib/armv6-m\libm.a(s_sin.o)
                              ./Sources/wrappers.o (sin)
D:/Freescale/CW MCU v11.1/MCU/ARM_GCC_Support/ewl/lib/armv6-m\libm.a(e_rem_pio2.o)
                              D:/Freescale/CW MCU v11.1/MCU/ARM_GCC_Support/ewl/lib/armv6-m\libm.a(s_cos.o) (__ieee754_rem_pio2)
D:/Freescale/CW MCU v11.1/MCU/ARM_GCC_Support/ewl/lib/armv6-m\libm.a(w_atan2.o)
                              ./Sources/wrappers.o (atan2)
D:/Freescale/CW MCU v11.1/MCU/ARM_GCC_Support/ewl/lib/armv6-m\libm.a(k_sin.o)
                              D:/Freescale/CW MCU v11.1/MCU/ARM_GCC_Support/ewl/lib/armv6-m\libm.a(s_cos.o) (__kernel_sin)
D:/Freescale/CW MCU v11.1/MCU/ARM_GCC_Support/ewl/lib/armv6-m\libm.a(w_sqrt.o)
                              ./Sources/wrappers.o (sqrt)
D:/Freescale/CW MCU v11.1/MCU/ARM_GCC_Support/ewl/lib/armv6-m\libm.a(s_modf.o)
                              D:/Freescale/CW MCU v11.1/MCU/ARM_GCC_Support/ewl/lib/armv6-m\libm.a(round.o) (modf)
D:/Freescale/CW MCU v11.1/MCU/ARM_GCC_Support/ewl/lib/armv6-m\libm.a(math_api.o)
                              D:/Freescale/CW MCU v11.1/MCU/ARM_GCC_Support/ewl/lib/armv6-m\libm.a(round.o) (__fpclassifyd)
D:/Freescale/CW MCU v11.1/MCU/ARM_GCC_Support/ewl/lib/armv6-m\libm.a(k_rem_pio2.o)
                              D:/Freescale/CW MCU v11.1/MCU/ARM_GCC_Support/ewl/lib/armv6-m\libm.a(e_rem_pio2.o) (__kernel_rem_pio2)
D:/Freescale/CW MCU v11.1/MCU/ARM_GCC_Support/ewl/lib/armv6-m\libm.a(e_atan2.o)
                              D:/Freescale/CW MCU v11.1/MCU/ARM_GCC_Support/ewl/lib/armv6-m\libm.a(w_atan2.o) (__ieee754_atan2)
D:/Freescale/CW MCU v11.1/MCU/ARM_GCC_Support/ewl/lib/armv6-m\libm.a(k_cos.o)
                              D:/Freescale/CW MCU v11.1/MCU/ARM_GCC_Support/ewl/lib/armv6-m\libm.a(s_cos.o) (__kernel_cos)
D:/Freescale/CW MCU v11.1/MCU/ARM_GCC_Support/ewl/lib/armv6-m\libm.a(s_floor.o)
                              D:/Freescale/CW MCU v11.1/MCU/ARM_GCC_Support/ewl/lib/armv6-m\libm.a(k_rem_pio2.o) (floor)
D:/Freescale/CW MCU v11.1/MCU/ARM_GCC_Support/ewl/lib/armv6-m\libm.a(e_sqrt.o)
[...]
Memory Configuration

Name             Origin             Length             Attributes
m_interrupts     0x00000000         0x000000c0         xr
m_text           0x00000410         0x0003fbf0         xr
m_data           0x1fffe000         0x00008000         rw
m_cfmprotrom     0x00000400         0x00000010         xr
*default*        0x00000000         0xffffffff

Linker script and memory map

LOAD ./Generated_Code/timers.o
LOAD ./Generated_Code/tasks.o
LOAD ./Generated_Code/stream_buffer.o
LOAD ./Generated_Code/queue.o
LOAD ./Generated_Code/portasm.o
LOAD ./Generated_Code/port.o
LOAD ./Generated_Code/mpu_wrappers.o
LOAD ./Generated_Code/list.o
LOAD ./Generated_Code/heap_useNewlib.o
LOAD ./Generated_Code/heap_5.o
LOAD ./Generated_Code/heap_4.o
LOAD ./Generated_Code/heap_3.o
LOAD ./Generated_Code/heap_2.o
LOAD ./Generated_Code/heap_1.o
LOAD ./Generated_Code/event_groups.o
LOAD ./Generated_Code/croutine.o
LOAD ./Generated_Code/Vectors.o
LOAD ./Generated_Code/UTIL1.o
LOAD ./Generated_Code/SegLCD1.o
LOAD ./Generated_Code/PE_LDD.o
LOAD ./Generated_Code/MCUC1.o
LOAD ./Generated_Code/LEDpin2.o
LOAD ./Generated_Code/LEDpin1.o
LOAD ./Generated_Code/LED2.o
LOAD ./Generated_Code/LED1.o
LOAD ./Generated_Code/FRTOS1.o
LOAD ./Generated_Code/ExtIntLdd2.o
LOAD ./Generated_Code/ExtIntLdd1.o
LOAD ./Generated_Code/EInt2.o
LOAD ./Generated_Code/EInt1.o
LOAD ./Generated_Code/Cpu.o
LOAD ./Generated_Code/BitIoLdd2.o
LOAD ./Generated_Code/BitIoLdd1.o
LOAD ./Project_Settings/Startup_Code/__arm_start.o
LOAD ./Project_Settings/Startup_Code/__arm_end.o
LOAD ./Sources/Drivers/GY85/GY85.o
LOAD ./Sources/Drivers/I2C/I2C.o
LOAD ./Sources/Drivers/LCD/s401.o
LOAD ./Sources/Drivers/LCD/LCD.o
LOAD ./Sources/Drivers/LSM9DS1/LSM9DS1.o
LOAD ./Sources/Drivers/UART/UART.o
LOAD ./Sources/wrappers.o
LOAD ./Sources/sa_mtb.o
LOAD ./Sources/main.o
LOAD ./Sources/common.o
LOAD ./Sources/Events.o
                0x000061a8                __pformatter = __pformatter_
                [0x000065d0]                __sformatter = __sformatter
START GROUP
LOAD D:/Freescale/CW MCU v11.1/MCU/ARM_GCC_Support/ewl/lib/armv6-m\libc.a
LOAD D:/Freescale/CW MCU v11.1/MCU/ARM_GCC_Support/ewl/lib/armv6-m\libm.a
LOAD d:/freescale/cw mcu v11.1/cross_tools/arm-none-eabi-gcc-4_7_3/bin/../lib/gcc/arm-none-eabi/4.7.3/armv6-m\libgcc.a
LOAD D:/Freescale/CW MCU v11.1/MCU/ARM_GCC_Support/ewl/lib/armv6-m\librt.a
LOAD D:/Freescale/CW MCU v11.1/MCU/ARM_GCC_Support/ewl/lib/armv6-m\libuart.a
END GROUP
                0x20006000                _estack = 0x20006000
                0x20006000                __SP_INIT = _estack
                0x00000000                __heap_size = 0x0
                0x00000400                __stack_size = 0x400

.interrupts     0x00000000       0xc0
                0x00000000                __vector_table = .
                0x00000000                . = ALIGN (0x4)
 *(.vectortable)
 .vectortable   0x00000000       0xc0 ./Generated_Code/Vectors.o
                0x00000000                __vect_table
                0x000000c0                . = ALIGN (0x4)

.cfmprotect     0x00000400       0x10
                0x00000400                . = ALIGN (0x4)
 *(.cfmconfig)
 .cfmconfig     0x00000400       0x10 ./Generated_Code/Cpu.o
                0x00000400                _cfm
                0x00000410                . = ALIGN (0x4)

.text           0x00000410     0x8ca0
                0x00000410                . = ALIGN (0x4)
 *(.text)
 .text          0x00000410       0x14 d:/freescale/cw mcu v11.1/cross_tools/arm-none-eabi-gcc-4_7_3/bin/../lib/gcc/arm-none-eabi/4.7.3/armv6-m\libgcc.a(_thumb1_case_sqi.o)
                0x00000410                __gnu_thumb1_case_sqi
 .text          0x00000424       0x14 d:/freescale/cw mcu v11.1/cross_tools/arm-none-eabi-gcc-4_7_3/bin/../lib/gcc/arm-none-eabi/4.7.3/armv6-m\libgcc.a(_thumb1_case_uqi.o)
                0x00000424                __gnu_thumb1_case_uqi
 .text          0x00000438       0x9c d:/freescale/cw mcu v11.1/cross_tools/arm-none-eabi-gcc-4_7_3/bin/../lib/gcc/arm-none-eabi/4.7.3/armv6-m\libgcc.a(_udivsi3.o)
                0x00000438                __aeabi_uidiv
                0x00000438                __udivsi3
                0x000004c0                __aeabi_uidivmod
 .text          0x000004d4       0xc0 d:/freescale/cw mcu v11.1/cross_tools/arm-none-eabi-gcc-4_7_3/bin/../lib/gcc/arm-none-eabi/4.7.3/armv6-m\libgcc.a(_divsi3.o)
                0x000004d4                __divsi3
                0x000004d4                __aeabi_idiv
                0x00000580                __aeabi_idivmod
 .text          0x00000594        0x4 d:/freescale/cw mcu v11.1/cross_tools/arm-none-eabi-gcc-4_7_3/bin/../lib/gcc/arm-none-eabi/4.7.3/armv6-m\libgcc.a(_dvmd_tls.o)
                0x00000594                __aeabi_idiv0
                0x00000594                __aeabi_ldiv0
 .text          0x00000598       0x7c d:/freescale/cw mcu v11.1/cross_tools/arm-none-eabi-gcc-4_7_3/bin/../lib/gcc/arm-none-eabi/4.7.3/armv6-m\libgcc.a(_arm_cmpdf2.o)
                0x00000598                __aeabi_cdrcmple
                0x000005a8                __aeabi_cdcmple
                0x000005a8                __aeabi_cdcmpeq
                0x000005b8                __aeabi_dcmpeq
                0x000005c4                __aeabi_dcmplt
                0x000005d8                __aeabi_dcmple
                0x000005ec                __aeabi_dcmpgt
                0x00000600                __aeabi_dcmpge
 .text          0x00000614      0x3a4 d:/freescale/cw mcu v11.1/cross_tools/arm-none-eabi-gcc-4_7_3/bin/../lib/gcc/arm-none-eabi/4.7.3/armv6-m\libgcc.a(addsf3.o)
                0x00000614                __aeabi_fadd
 .text          0x000009b8      0x260 d:/freescale/cw mcu v11.1/cross_tools/arm-none-eabi-gcc-4_7_3/bin/../lib/gcc/arm-none-eabi/4.7.3/armv6-m\libgcc.a(mulsf3.o)
                0x000009b8                __aeabi_fmul
 .text          0x00000c18       0xa8 d:/freescale/cw mcu v11.1/cross_tools/arm-none-eabi-gcc-4_7_3/bin/../lib/gcc/arm-none-eabi/4.7.3/armv6-m\libgcc.a(floatsisf.o)
                0x00000c18                __aeabi_i2f
 .text          0x00000cc0      0x758 d:/freescale/cw mcu v11.1/cross_tools/arm-none-eabi-gcc-4_7_3/bin/../lib/gcc/arm-none-eabi/4.7.3/armv6-m\libgcc.a(adddf3.o)
                0x00000cc0                __aeabi_dadd
 .text          0x00001418      0x5b8 d:/freescale/cw mcu v11.1/cross_tools/arm-none-eabi-gcc-4_7_3/bin/../lib/gcc/arm-none-eabi/4.7.3/armv6-m\libgcc.a(divdf3.o)
                0x00001418                __aeabi_ddiv
 .text          0x000019d0       0x7c d:/freescale/cw mcu v11.1/cross_tools/arm-none-eabi-gcc-4_7_3/bin/../lib/gcc/arm-none-eabi/4.7.3/armv6-m\libgcc.a(eqdf2.o)
                0x000019d0                __nedf2
                0x000019d0                __eqdf2
 .text          0x00001a4c       0xe8 d:/freescale/cw mcu v11.1/cross_tools/arm-none-eabi-gcc-4_7_3/bin/../lib/gcc/arm-none-eabi/4.7.3/armv6-m\libgcc.a(gedf2.o)
                0x00001a4c                __gedf2
                0x00001a4c                __gtdf2
 .text          0x00001b34       0xd8 d:/freescale/cw mcu v11.1/cross_tools/arm-none-eabi-gcc-4_7_3/bin/../lib/gcc/arm-none-eabi/4.7.3/armv6-m\libgcc.a(ledf2.o)
                0x00001b34                __ledf2
                0x00001b34                __ltdf2
 .text          0x00001c0c      0x4e4 d:/freescale/cw mcu v11.1/cross_tools/arm-none-eabi-gcc-4_7_3/bin/../lib/gcc/arm-none-eabi/4.7.3/armv6-m\libgcc.a(muldf3.o)
                0x00001c0c                __aeabi_dmul
 .text          0x000020f0      0x6f8 d:/freescale/cw mcu v11.1/cross_tools/arm-none-eabi-gcc-4_7_3/bin/../lib/gcc/arm-none-eabi/4.7.3/armv6-m\libgcc.a(subdf3.o)
                0x000020f0                __aeabi_dsub
 .text          0x000027e8       0x68 d:/freescale/cw mcu v11.1/cross_tools/arm-none-eabi-gcc-4_7_3/bin/../lib/gcc/arm-none-eabi/4.7.3/armv6-m\libgcc.a(fixdfsi.o)
                0x000027e8                __aeabi_d2iz
 .text          0x00002850       0x74 d:/freescale/cw mcu v11.1/cross_tools/arm-none-eabi-gcc-4_7_3/bin/../lib/gcc/arm-none-eabi/4.7.3/armv6-m\libgcc.a(floatsidf.o)
                0x00002850                __aeabi_i2d
 .text          0x000028c4       0xa8 d:/freescale/cw mcu v11.1/cross_tools/arm-none-eabi-gcc-4_7_3/bin/../lib/gcc/arm-none-eabi/4.7.3/armv6-m\libgcc.a(extendsfdf2.o)
                0x000028c4                __aeabi_f2d
 .text          0x0000296c      0x134 d:/freescale/cw mcu v11.1/cross_tools/arm-none-eabi-gcc-4_7_3/bin/../lib/gcc/arm-none-eabi/4.7.3/armv6-m\libgcc.a(truncdfsf2.o)
                0x0000296c                __aeabi_d2f
 .text          0x00002aa0       0x3c d:/freescale/cw mcu v11.1/cross_tools/arm-none-eabi-gcc-4_7_3/bin/../lib/gcc/arm-none-eabi/4.7.3/armv6-m\libgcc.a(_clzsi2.o)
                0x00002aa0                __clzsi2
 *(.text*)
 .text.xTaskCreate
                0x00002adc       0x90 ./Generated_Code/tasks.o
                0x00002adc                xTaskCreate
 .text.prvInitialiseNewTask
                0x00002b6c      0x10c ./Generated_Code/tasks.o
 .text.prvAddNewTaskToReadyList
                0x00002c78       0xc4 ./Generated_Code/tasks.o
 .text.vTaskDelay
                0x00002d3c       0x48 ./Generated_Code/tasks.o
                0x00002d3c                vTaskDelay
 .text.vTaskStartScheduler
                0x00002d84       0x70 ./Generated_Code/tasks.o
                0x00002d84                vTaskStartScheduler
 .text.vTaskSuspendAll
                0x00002df4       0x18 ./Generated_Code/tasks.o
                0x00002df4                vTaskSuspendAll
 .text.xTaskResumeAll
                0x00002e0c      0x118 ./Generated_Code/tasks.o
                0x00002e0c                xTaskResumeAll
 .text.xTaskIncrementTick
                0x00002f24      0x174 ./Generated_Code/tasks.o
                0x00002f24                xTaskIncrementTick
 .text.vTaskSwitchContext
                0x00003098       0xc4 ./Generated_Code/tasks.o
                0x00003098                vTaskSwitchContext
 .text.vTaskPlaceOnEventList
                0x0000315c       0x38 ./Generated_Code/tasks.o
                0x0000315c                vTaskPlaceOnEventList
 .text.xTaskRemoveFromEventList
                0x00003194       0xb8 ./Generated_Code/tasks.o
                0x00003194                xTaskRemoveFromEventList
 .text.vTaskInternalSetTimeOutState
                0x0000324c       0x28 ./Generated_Code/tasks.o
                0x0000324c                vTaskInternalSetTimeOutState
 .text.xTaskCheckForTimeOut
                0x00003274       0xa0 ./Generated_Code/tasks.o
                0x00003274                xTaskCheckForTimeOut
 .text.vTaskMissedYield
                0x00003314       0x14 ./Generated_Code/tasks.o
                0x00003314                vTaskMissedYield
 .text.prvIdleTask
                0x00003328       0x24 ./Generated_Code/tasks.o
 .text.prvInitialiseTaskLists
                0x0000334c       0x7c ./Generated_Code/tasks.o
 .text.prvCheckTasksWaitingTermination
                0x000033c8        0x8 ./Generated_Code/tasks.o
 .text.prvResetNextTaskUnblockTime
                0x000033d0       0x3c ./Generated_Code/tasks.o
 .text.xTaskGetSchedulerState
                0x0000340c       0x38 ./Generated_Code/tasks.o
                0x0000340c                xTaskGetSchedulerState
 .text.xTaskPriorityInherit
                0x00003444       0xd0 ./Generated_Code/tasks.o
                0x00003444                xTaskPriorityInherit
 .text.xTaskPriorityDisinherit
                0x00003514       0xb8 ./Generated_Code/tasks.o
                0x00003514                xTaskPriorityDisinherit
 .text.vTaskPriorityDisinheritAfterTimeout
                0x000035cc       0xdc ./Generated_Code/tasks.o
                0x000035cc                vTaskPriorityDisinheritAfterTimeout
 .text.pvTaskIncrementMutexHeldCount
                0x000036a8       0x24 ./Generated_Code/tasks.o
                0x000036a8                pvTaskIncrementMutexHeldCount
 .text.prvAddCurrentTaskToDelayedList
                0x000036cc       0xa8 ./Generated_Code/tasks.o
 .text.xQueueGenericReset
                0x00003774       0xac ./Generated_Code/queue.o
                0x00003774                xQueueGenericReset
 .text.xQueueGenericCreate
                0x00003820       0x68 ./Generated_Code/queue.o
                0x00003820                xQueueGenericCreate
 .text.prvInitialiseNewQueue
                0x00003888       0x44 ./Generated_Code/queue.o
 .text.prvInitialiseMutex
                0x000038cc       0x34 ./Generated_Code/queue.o
 .text.xQueueCreateMutex
                0x00003900       0x3c ./Generated_Code/queue.o
                0x00003900                xQueueCreateMutex
 .text.xQueueGenericSend
                0x0000393c      0x1a0 ./Generated_Code/queue.o
                0x0000393c                xQueueGenericSend
 .text.xQueueReceive
                0x00003adc      0x180 ./Generated_Code/queue.o
                0x00003adc                xQueueReceive
 .text.xQueueSemaphoreTake
                0x00003c5c      0x1c8 ./Generated_Code/queue.o
                0x00003c5c                xQueueSemaphoreTake
 .text.prvGetDisinheritPriorityAfterTimeout
                0x00003e24       0x2c ./Generated_Code/queue.o
 .text.prvCopyDataToQueue
                0x00003e50       0xe0 ./Generated_Code/queue.o
 .text.prvCopyDataFromQueue
                0x00003f30       0x50 ./Generated_Code/queue.o
 .text.prvUnlockQueue
                0x00003f80       0xc0 ./Generated_Code/queue.o
 .text.prvIsQueueEmpty
                0x00004040       0x2c ./Generated_Code/queue.o
 .text.prvIsQueueFull
                0x0000406c       0x30 ./Generated_Code/queue.o
 .text.pxPortInitialiseStack
                0x0000409c       0x50 ./Generated_Code/port.o
                0x0000409c                pxPortInitialiseStack
 .text.vPortInitTickTimer
                0x000040ec       0x44 ./Generated_Code/port.o
                0x000040ec                vPortInitTickTimer
 .text.vPortStartTickTimer
                0x00004130       0x14 ./Generated_Code/port.o
                0x00004130                vPortStartTickTimer
 .text.vPortStopTickTimer
                0x00004144       0x14 ./Generated_Code/port.o
                0x00004144                vPortStopTickTimer
 .text.xPortStartScheduler
                0x00004158       0x34 ./Generated_Code/port.o
                0x00004158                xPortStartScheduler
 .text.vPortEnterCritical
                0x0000418c       0x20 ./Generated_Code/port.o
                0x0000418c                vPortEnterCritical
 .text.vPortExitCritical
                0x000041ac       0x20 ./Generated_Code/port.o
                0x000041ac                vPortExitCritical
 .text.vPortYieldFromISR
                0x000041cc       0x1c ./Generated_Code/port.o
                0x000041cc                vPortYieldFromISR
 .text.vPortTickHandler
                0x000041e8       0x1c ./Generated_Code/port.o
                0x000041e8                vPortTickHandler
 *fill*         0x00004204        0xc 00
 .text.vPortStartFirstTask
                0x00004210       0x60 ./Generated_Code/port.o
                0x00004210                vPortStartFirstTask
 .text.vPortSVCHandler
                0x00004270        0x0 ./Generated_Code/port.o
                0x00004270                vPortSVCHandler
 .text.vPortPendSVHandler
                0x00004270       0x44 ./Generated_Code/port.o
                0x00004270                vPortPendSVHandler
 .text.vListInitialise
                0x000042b4       0x3c ./Generated_Code/list.o
                0x000042b4                vListInitialise
 .text.vListInitialiseItem
                0x000042f0       0x14 ./Generated_Code/list.o
                0x000042f0                vListInitialiseItem
 .text.vListInsertEnd
                0x00004304       0x44 ./Generated_Code/list.o
                0x00004304                vListInsertEnd
 .text.vListInsert
                0x00004348       0x6c ./Generated_Code/list.o
                0x00004348                vListInsert
 .text.uxListRemove
                0x000043b4       0x50 ./Generated_Code/list.o
                0x000043b4                uxListRemove
 .text.pvPortMalloc
                0x00004404      0x160 ./Generated_Code/heap_4.o
                0x00004404                pvPortMalloc
 .text.vPortFree
                0x00004564       0x94 ./Generated_Code/heap_4.o
                0x00004564                vPortFree
 .text.prvHeapInit
                0x000045f8       0xc4 ./Generated_Code/heap_4.o
 .text.prvInsertBlockIntoFreeList
                0x000046bc       0xac ./Generated_Code/heap_4.o
 .text.UTIL1_Init
                0x00004768        0x8 ./Generated_Code/UTIL1.o
                0x00004768                UTIL1_Init
 .text.SegLCD1_Init
                0x00004770      0x1a8 ./Generated_Code/SegLCD1.o
                0x00004770                SegLCD1_Init
 .text.MCUC1_Init
                0x00004918        0x8 ./Generated_Code/MCUC1.o
                0x00004918                MCUC1_Init
 .text.LED2_Init
                0x00004920       0x18 ./Generated_Code/LED2.o
                0x00004920                LED2_Init
 .text.LED1_Init
                0x00004938       0x18 ./Generated_Code/LED1.o
                0x00004938                LED1_Init
 .text.FRTOS1_Init
                0x00004950        0xc ./Generated_Code/FRTOS1.o
                0x00004950                FRTOS1_Init
 .text.ExtIntLdd2_Init
                0x0000495c       0x94 ./Generated_Code/ExtIntLdd2.o
                0x0000495c                ExtIntLdd2_Init
 .text.ExtIntLdd2_Interrupt
                0x000049f0       0x40 ./Generated_Code/ExtIntLdd2.o
                0x000049f0                ExtIntLdd2_Interrupt
 .text.ExtIntLdd1_Init
                0x00004a30       0x94 ./Generated_Code/ExtIntLdd1.o
                0x00004a30                ExtIntLdd1_Init
 .text.ExtIntLdd1_Interrupt
                0x00004ac4       0x40 ./Generated_Code/ExtIntLdd1.o
                0x00004ac4                ExtIntLdd1_Interrupt
 .text.ExtIntLdd2_OnInterrupt
                0x00004b04       0x14 ./Generated_Code/EInt2.o
                0x00004b04                ExtIntLdd2_OnInterrupt
 .text.ExtIntLdd1_OnInterrupt
                0x00004b18       0x14 ./Generated_Code/EInt1.o
                0x00004b18                ExtIntLdd1_OnInterrupt
 .text.Cpu_ivINT_PORTC_PORTD
                0x00004b2c       0x10 ./Generated_Code/Cpu.o
                0x00004b2c                Cpu_ivINT_PORTC_PORTD
 .text.Cpu_INT_NMIInterrupt
                0x00004b3c        0xc ./Generated_Code/Cpu.o
                0x00004b3c                Cpu_INT_NMIInterrupt
 .text.Cpu_Interrupt
                0x00004b48        0xc ./Generated_Code/Cpu.o
                0x00004b48                Cpu_Interrupt
 .text.Cpu_EnableInt
                0x00004b54        0xc ./Generated_Code/Cpu.o
                0x00004b54                Cpu_EnableInt
 .text.__init_hardware
                0x00004b60      0x118 ./Generated_Code/Cpu.o
                0x00004b60                __init_hardware
 .text.PE_low_level_init
                0x00004c78      0x10c ./Generated_Code/Cpu.o
                0x00004c78                PE_low_level_init
 .text.BitIoLdd2_Init
                0x00004d84       0x68 ./Generated_Code/BitIoLdd2.o
                0x00004d84                BitIoLdd2_Init
 .text.BitIoLdd2_ClrVal
                0x00004dec       0x1c ./Generated_Code/BitIoLdd2.o
                0x00004dec                BitIoLdd2_ClrVal
 .text.BitIoLdd2_SetVal
                0x00004e08       0x1c ./Generated_Code/BitIoLdd2.o
                0x00004e08                BitIoLdd2_SetVal
 .text.BitIoLdd1_Init
                0x00004e24       0x60 ./Generated_Code/BitIoLdd1.o
                0x00004e24                BitIoLdd1_Init
 .text.BitIoLdd1_SetVal
                0x00004e84       0x18 ./Generated_Code/BitIoLdd1.o
                0x00004e84                BitIoLdd1_SetVal
 .text.BitIoLdd1_NegVal
                0x00004e9c       0x18 ./Generated_Code/BitIoLdd1.o
                0x00004e9c                BitIoLdd1_NegVal
 .text.zero_fill_bss
                0x00004eb4       0x24 ./Project_Settings/Startup_Code/__arm_start.o
 .text.__thumb_startup
                0x00004ed8       0x30 ./Project_Settings/Startup_Code/__arm_start.o
                0x00004ed8                __thumb_startup
 .text._ExitProcess
                0x00004f08        0xc ./Project_Settings/Startup_Code/__arm_end.o
                0x00004f08                _ExitProcess
 .text.I2C1_init
                0x00004f14       0x68 ./Sources/Drivers/I2C/I2C.o
                0x00004f14                I2C1_init
 .text.I2C1_byteWrite
                0x00004f7c      0x150 ./Sources/Drivers/I2C/I2C.o
                0x00004f7c                I2C1_byteWrite
 .text.I2C1_burstRead
                0x000050cc      0x204 ./Sources/Drivers/I2C/I2C.o
                0x000050cc                I2C1_burstRead
 .text.vfnLCD_Write_Msg
                0x000052d0       0x88 ./Sources/Drivers/LCD/LCD.o
                0x000052d0                vfnLCD_Write_Msg
 .text.vfnLCD_Write_Char
                0x00005358      0x120 ./Sources/Drivers/LCD/LCD.o
                0x00005358                vfnLCD_Write_Char
 .text.LSM9DS1_mag_read
                0x00005478       0xa0 ./Sources/Drivers/LSM9DS1/LSM9DS1.o
                0x00005478                LSM9DS1_mag_read
 .text.LSM9DS1_acc_read
                0x00005518       0x98 ./Sources/Drivers/LSM9DS1/LSM9DS1.o
                0x00005518                LSM9DS1_acc_read
 .text.UART0_init
                0x000055b0       0x8c ./Sources/Drivers/UART/UART.o
                0x000055b0                UART0_init
 .text.UART0_send_ln
                0x0000563c       0x38 ./Sources/Drivers/UART/UART.o
                0x0000563c                UART0_send_ln
 .text.UART0_send_string_ln
                0x00005674       0x4c ./Sources/Drivers/UART/UART.o
                0x00005674                UART0_send_string_ln
 .text.read_RTOS
                0x000056c0       0x50 ./Sources/wrappers.o
                0x000056c0                read_RTOS
 .text.proccess_RTOS
                0x00005710      0x620 ./Sources/wrappers.o
                0x00005710                proccess_RTOS
 .text.IMU_get_values
                0x00005d30       0x10 ./Sources/main.o
 .text.IMU_proccess_values
                0x00005d40       0x10 ./Sources/main.o
 .text.DISP_angle
                0x00005d50       0x30 ./Sources/main.o
 .text.main     0x00005d80       0xdc ./Sources/main.o
                0x00005d80                main
 .text.delayUs  0x00005e5c       0x34 ./Sources/common.o
                0x00005e5c                delayUs
 .text.Cpu_OnNMIINT
                0x00005e90        0x8 ./Sources/Events.o
                0x00005e90                Cpu_OnNMIINT
 .text.FRTOS1_vApplicationStackOverflowHook
                0x00005e98       0x10 ./Sources/Events.o
                0x00005e98                FRTOS1_vApplicationStackOverflowHook
 .text.FRTOS1_vApplicationTickHook
                0x00005ea8        0x8 ./Sources/Events.o
                0x00005ea8                FRTOS1_vApplicationTickHook
 .text.FRTOS1_vApplicationIdleHook
                0x00005eb0        0x8 ./Sources/Events.o
                0x00005eb0                FRTOS1_vApplicationIdleHook
 .text.FRTOS1_vApplicationMallocFailedHook
                0x00005eb8        0x8 ./Sources/Events.o
                0x00005eb8                FRTOS1_vApplicationMallocFailedHook
 .text.LeftSW_Interrupt
                0x00005ec0       0x18 ./Sources/Events.o
                0x00005ec0                LeftSW_Interrupt
 .text.RightSW_Interrupt
                0x00005ed8       0x14 ./Sources/Events.o
                0x00005ed8                RightSW_Interrupt
 .text.sprintf  0x00005eec       0x1a D:/Freescale/CW MCU v11.1/MCU/ARM_GCC_Support/ewl/lib/armv6-m\libc.a(sprintf.o)
                0x00005eec                sprintf
 *fill*         0x00005f06        0x2 00
 .text.exit     0x00005f08       0x38 D:/Freescale/CW MCU v11.1/MCU/ARM_GCC_Support/ewl/lib/armv6-m\libc.a(exit.o)
                0x00005f08                exit
 .text.strchr   0x00005f40       0x1e D:/Freescale/CW MCU v11.1/MCU/ARM_GCC_Support/ewl/lib/armv6-m\libc.a(strchr.o)
                0x00005f40                strchr
 .text.memset   0x00005f5e        0xc D:/Freescale/CW MCU v11.1/MCU/ARM_GCC_Support/ewl/lib/armv6-m\libc.a(memset.o)
                0x00005f5e                memset
 .text.__fill_mem
                0x00005f6a       0x7e D:/Freescale/CW MCU v11.1/MCU/ARM_GCC_Support/ewl/lib/armv6-m\libc.a(__filll_mem.o)
                0x00005f6a                __fill_mem
 .text.memcpy   0x00005fe8       0x12 D:/Freescale/CW MCU v11.1/MCU/ARM_GCC_Support/ewl/lib/armv6-m\libc.a(memcpy.o)
                0x00005fe8                memcpy
 .text.strlen   0x00005ffa       0x10 D:/Freescale/CW MCU v11.1/MCU/ARM_GCC_Support/ewl/lib/armv6-m\libc.a(strlen.o)
                0x00005ffa                strlen
 *fill*         0x0000600a        0x2 00
 .text.long2str.isra.0
                0x0000600c      0x19c D:/Freescale/CW MCU v11.1/MCU/ARM_GCC_Support/ewl/lib/armv6-m\libc.a(printformat_.o)
 .text.__pformatter_
                0x000061a8      0x428 D:/Freescale/CW MCU v11.1/MCU/ARM_GCC_Support/ewl/lib/armv6-m\libc.a(printformat_.o)
                0x000061a8                __pformatter_
 .text.__sformatter
                0x000065d0      0x698 D:/Freescale/CW MCU v11.1/MCU/ARM_GCC_Support/ewl/lib/armv6-m\libc.a(scanformat_.o)
                0x000065d0                __sformatter
 .text.isalpha  0x00006c68       0x20 D:/Freescale/CW MCU v11.1/MCU/ARM_GCC_Support/ewl/lib/armv6-m\libc.a(ctype_aeabi.o)
                0x00006c68                isalpha
 .text.isspace  0x00006c88       0x20 D:/Freescale/CW MCU v11.1/MCU/ARM_GCC_Support/ewl/lib/armv6-m\libc.a(ctype_aeabi.o)
                0x00006c88                isspace
 .text.toupper  0x00006ca8        0xe D:/Freescale/CW MCU v11.1/MCU/ARM_GCC_Support/ewl/lib/armv6-m\libc.a(ctype_aeabi.o)
                0x00006ca8                toupper
 .text.__StringWrite
                0x00006cb6       0x26 D:/Freescale/CW MCU v11.1/MCU/ARM_GCC_Support/ewl/lib/armv6-m\libc.a(vsnprintf.o)
                0x00006cb6                __StringWrite
 .text.vsnprintf
                0x00006cdc       0x38 D:/Freescale/CW MCU v11.1/MCU/ARM_GCC_Support/ewl/lib/armv6-m\libc.a(vsnprintf.o)
                0x00006cdc                vsnprintf
 .text.__strtoul
                0x00006d14      0x1ce D:/Freescale/CW MCU v11.1/MCU/ARM_GCC_Support/ewl/lib/armv6-m\libc.a(__strtoul.o)
                0x00006d14                __strtoul
 .text.memchr   0x00006ee2       0x1a D:/Freescale/CW MCU v11.1/MCU/ARM_GCC_Support/ewl/lib/armv6-m\libc.a(memchr.o)
                0x00006ee2                memchr
 *fill*         0x00006efc        0x4 00
 .text.cos      0x00006f00       0xa8 D:/Freescale/CW MCU v11.1/MCU/ARM_GCC_Support/ewl/lib/armv6-m\libm.a(s_cos.o)
                0x00006f00                cos
 .text.round    0x00006fa8       0x88 D:/Freescale/CW MCU v11.1/MCU/ARM_GCC_Support/ewl/lib/armv6-m\libm.a(round.o)
                0x00006fa8                round
 .text.sin      0x00007030       0xa8 D:/Freescale/CW MCU v11.1/MCU/ARM_GCC_Support/ewl/lib/armv6-m\libm.a(s_sin.o)
                0x00007030                sin
 .text.__ieee754_rem_pio2
                0x000070d8      0x408 D:/Freescale/CW MCU v11.1/MCU/ARM_GCC_Support/ewl/lib/armv6-m\libm.a(e_rem_pio2.o)
                0x000070d8                __ieee754_rem_pio2
 .text.atan2    0x000074e0        0x8 D:/Freescale/CW MCU v11.1/MCU/ARM_GCC_Support/ewl/lib/armv6-m\libm.a(w_atan2.o)
                0x000074e0                atan2
 .text.__kernel_sin
                0x000074e8      0x178 D:/Freescale/CW MCU v11.1/MCU/ARM_GCC_Support/ewl/lib/armv6-m\libm.a(k_sin.o)
                0x000074e8                __kernel_sin
 .text.sqrt     0x00007660        0x8 D:/Freescale/CW MCU v11.1/MCU/ARM_GCC_Support/ewl/lib/armv6-m\libm.a(w_sqrt.o)
                0x00007660                sqrt
 .text.modf     0x00007668       0xc0 D:/Freescale/CW MCU v11.1/MCU/ARM_GCC_Support/ewl/lib/armv6-m\libm.a(s_modf.o)
                0x00007668                modf
 .text.__fpclassifyd
                0x00007728       0x38 D:/Freescale/CW MCU v11.1/MCU/ARM_GCC_Support/ewl/lib/armv6-m\libm.a(math_api.o)
                0x00007728                __fpclassifyd
 .text.__kernel_rem_pio2
                0x00007760      0x730 D:/Freescale/CW MCU v11.1/MCU/ARM_GCC_Support/ewl/lib/armv6-m\libm.a(k_rem_pio2.o)
                0x00007760                __kernel_rem_pio2
 .text.__ieee754_atan2
                0x00007e90      0x1c8 D:/Freescale/CW MCU v11.1/MCU/ARM_GCC_Support/ewl/lib/armv6-m\libm.a(e_atan2.o)
                0x00007e90                __ieee754_atan2
 .text.__kernel_cos
                0x00008058      0x1e0 D:/Freescale/CW MCU v11.1/MCU/ARM_GCC_Support/ewl/lib/armv6-m\libm.a(k_cos.o)
                0x00008058                __kernel_cos
 .text.floor    0x00008238      0x118 D:/Freescale/CW MCU v11.1/MCU/ARM_GCC_Support/ewl/lib/armv6-m\libm.a(s_floor.o)
                0x00008238                floor
 .text.__ieee754_sqrt
                0x00008350      0x17c D:/Freescale/CW MCU v11.1/MCU/ARM_GCC_Support/ewl/lib/armv6-m\libm.a(e_sqrt.o)
                0x00008350                __ieee754_sqrt
 .text.scalbn   0x000084cc       0x14 D:/Freescale/CW MCU v11.1/MCU/ARM_GCC_Support/ewl/lib/armv6-m\libm.a(scalbn.o)
                0x000084cc                scalbn
 .text.frexp    0x000084e0       0x80 D:/Freescale/CW MCU v11.1/MCU/ARM_GCC_Support/ewl/lib/armv6-m\libm.a(s_frexp.o)
                0x000084e0                frexp
 .text.ldexp    0x00008560      0x148 D:/Freescale/CW MCU v11.1/MCU/ARM_GCC_Support/ewl/lib/armv6-m\libm.a(s_ldexp.o)
                0x00008560                ldexp
 .text.atan     0x000086a8      0x358 D:/Freescale/CW MCU v11.1/MCU/ARM_GCC_Support/ewl/lib/armv6-m\libm.a(s_atan.o)
                0x000086a8                atan
 .text.__init_cpp
                0x00008a00       0x48 D:/Freescale/CW MCU v11.1/MCU/ARM_GCC_Support/ewl/lib/armv6-m\librt.a(gcc_ctor_dtor.o)
                0x00008a00                __init_cpp
 .text.__fini_cpp
                0x00008a48       0x34 D:/Freescale/CW MCU v11.1/MCU/ARM_GCC_Support/ewl/lib/armv6-m\librt.a(gcc_ctor_dtor.o)
                0x00008a48                __fini_cpp
 .text.__destroy_global_chain
                0x00008a7c       0x1c D:/Freescale/CW MCU v11.1/MCU/ARM_GCC_Support/ewl/lib/armv6-m\librt.a(__arm_eabi_init.o)
                0x00008a7c                __destroy_global_chain
 .text.__init_registers
                0x00008a98       0x1c D:/Freescale/CW MCU v11.1/MCU/ARM_GCC_Support/ewl/lib/armv6-m\librt.a(__arm_eabi_init.o)
                0x00008a98                __init_registers
 .text.__init_user
                0x00008ab4        0x4 D:/Freescale/CW MCU v11.1/MCU/ARM_GCC_Support/ewl/lib/armv6-m\librt.a(__arm_eabi_init.o)
                0x00008ab4                __init_user
 .text.__copy_rom_section
                0x00008ab8       0x48 D:/Freescale/CW MCU v11.1/MCU/ARM_GCC_Support/ewl/lib/armv6-m\librt.a(ROMCopy.o)
                0x00008ab8                __copy_rom_section
 .text.__copy_rom_sections_to_ram
                0x00008b00       0x34 D:/Freescale/CW MCU v11.1/MCU/ARM_GCC_Support/ewl/lib/armv6-m\librt.a(ROMCopy.o)
                0x00008b00                __copy_rom_sections_to_ram
 *(.rodata)
 .rodata        0x00008b34        0x8 ./Generated_Code/tasks.o
 .rodata        0x00008b3c       0xa8 ./Sources/Drivers/LSM9DS1/LSM9DS1.o
 .rodata        0x00008be4       0x38 ./Sources/wrappers.o
 .rodata        0x00008c1c       0x38 ./Sources/main.o
 .rodata        0x00008c54       0x40 d:/freescale/cw mcu v11.1/cross_tools/arm-none-eabi-gcc-4_7_3/bin/../lib/gcc/arm-none-eabi/4.7.3/armv6-m\libgcc.a(mulsf3.o)
 .rodata        0x00008c94       0x40 d:/freescale/cw mcu v11.1/cross_tools/arm-none-eabi-gcc-4_7_3/bin/../lib/gcc/arm-none-eabi/4.7.3/armv6-m\libgcc.a(divdf3.o)
 .rodata        0x00008cd4       0x40 d:/freescale/cw mcu v11.1/cross_tools/arm-none-eabi-gcc-4_7_3/bin/../lib/gcc/arm-none-eabi/4.7.3/armv6-m\libgcc.a(muldf3.o)
 *(.rodata*)
 .rodata.freeRTOSMemoryScheme
                0x00008d14        0x1 ./Generated_Code/FRTOS1.o
                0x00008d14                freeRTOSMemoryScheme
 *fill*         0x00008d15        0x3 00
 .rodata.WF_ORDERING_TABLE
                0x00008d18        0xc ./Sources/Drivers/LCD/s401.o
                0x00008d18                WF_ORDERING_TABLE
 .rodata.ASCII_TO_WF_CODIFICATION_TABLE
                0x00008d24       0x64 ./Sources/Drivers/LCD/s401.o
                0x00008d24                ASCII_TO_WF_CODIFICATION_TABLE
 .rodata.str1.1
                0x00008d88        0x1 D:/Freescale/CW MCU v11.1/MCU/ARM_GCC_Support/ewl/lib/armv6-m\libc.a(printformat_.o)
 .rodata.CSWTCH.20
                0x00008d89        0x5 D:/Freescale/CW MCU v11.1/MCU/ARM_GCC_Support/ewl/lib/armv6-m\libc.a(printformat_.o)
 .rodata.CSWTCH.21
                0x00008d8e        0x5 D:/Freescale/CW MCU v11.1/MCU/ARM_GCC_Support/ewl/lib/armv6-m\libc.a(printformat_.o)
 .rodata.__aeabi_ctype_table_C
                0x00008d93      0x101 D:/Freescale/CW MCU v11.1/MCU/ARM_GCC_Support/ewl/lib/armv6-m\libc.a(ctype_aeabi.o)
                0x00008d93                __aeabi_ctype_table_C
 .rodata.npio2_hw
                0x00008e94       0x80 D:/Freescale/CW MCU v11.1/MCU/ARM_GCC_Support/ewl/lib/armv6-m\libm.a(e_rem_pio2.o)
 .rodata.two_over_pi
                0x00008f14      0x108 D:/Freescale/CW MCU v11.1/MCU/ARM_GCC_Support/ewl/lib/armv6-m\libm.a(e_rem_pio2.o)
 .rodata.init_jk
                0x0000901c       0x10 D:/Freescale/CW MCU v11.1/MCU/ARM_GCC_Support/ewl/lib/armv6-m\libm.a(k_rem_pio2.o)
 *fill*         0x0000902c        0x4 00
 .rodata.PIo2   0x00009030       0x40 D:/Freescale/CW MCU v11.1/MCU/ARM_GCC_Support/ewl/lib/armv6-m\libm.a(k_rem_pio2.o)
 .rodata.atanlo
                0x00009070       0x20 D:/Freescale/CW MCU v11.1/MCU/ARM_GCC_Support/ewl/lib/armv6-m\libm.a(s_atan.o)
 .rodata.atanhi
                0x00009090       0x20 D:/Freescale/CW MCU v11.1/MCU/ARM_GCC_Support/ewl/lib/armv6-m\libm.a(s_atan.o)
 *(.glue_7)
 .glue_7        0x00000000        0x0 linker stubs
 *(.glue_7t)
 .glue_7t       0x00000000        0x0 linker stubs
 *(.eh_frame)
 *(.init)
 *(.fini)
                0x000090b0                . = ALIGN (0x4)
                0x000090b0                _etext = .

.vfp11_veneer   0x000090b0        0x0
 .vfp11_veneer  0x00000000        0x0 linker stubs

.v4_bx          0x000090b0        0x0
 .v4_bx         0x00000000        0x0 linker stubs

.iplt           0x000090b0        0x0
 .iplt          0x00000000        0x0 ./Generated_Code/timers.o

.rel.dyn        0x000090b0        0x0
 .rel.iplt      0x00000000        0x0 ./Generated_Code/timers.o

.ARM.extab
 *(.ARM.extab* .gnu.linkonce.armextab.*)

.ARM            0x000090b0        0x0
                0x000090b0                __exidx_start = .
 *(.ARM.exidx*)
                0x000090b0                __exidx_end = .

.ctors          0x000090b0        0x0
                0x000090b0                __CTOR_LIST__ = .
 *crtbegin.o(.ctors)
 *(EXCLUDE_FILE(*crtend.o) .ctors)
 *(SORT(.ctors.*))
 *(.ctors)
                0x000090b0                __CTOR_END__ = .

.dtors          0x000090b0        0x0
                0x000090b0                __DTOR_LIST__ = .
 *crtbegin.o(.dtors)
 *(EXCLUDE_FILE(*crtend.o) .dtors)
 *(SORT(.dtors.*))
 *(.dtors)
                0x000090b0                __DTOR_END__ = .

.preinit_array  0x000090b0        0x0
                0x000090b0                PROVIDE (__preinit_array_start, .)
 *(.preinit_array*)
                0x000090b0                PROVIDE (__preinit_array_end, .)

.init_array     0x000090b0        0x0
                0x000090b0                PROVIDE (__init_array_start, .)
 *(SORT(.init_array.*))
 *(.init_array*)
                0x000090b0                PROVIDE (__init_array_end, .)

.fini_array     0x000090b0        0x0
                0x000090b0                PROVIDE (__fini_array_start, .)
 *(SORT(.fini_array.*))
 *(.fini_array*)
                0x000090b0                PROVIDE (__fini_array_end, .)
                0x000090b0                ___ROM_AT = .

.mtb            0x1fffe000        0x0
                0x1fffe000                . = ALIGN (0x8)
                0x1fffe000                _mtb_start = .
 *(.mtb_buf)
                0x1fffe000                . = ALIGN (0x8)
                0x1fffe000                _mtb_end = .

.data           0x1fffe000       0x1c load address 0x000090b0
                0x1fffe000                . = ALIGN (0x4)
                0x1fffe000                _sdata = .
 *(.data)
 *(.data*)
 .data.uxCriticalNesting
                0x1fffe000        0x4 ./Generated_Code/port.o
 .data.uxTopUsedPriority
                0x1fffe004        0x4 ./Generated_Code/port.o
                0x1fffe004                uxTopUsedPriority
 .data.xHeapStructSize
                0x1fffe008        0x4 ./Generated_Code/heap_4.o
 .data.kA       0x1fffe00c        0x4 ./Sources/wrappers.o
                0x1fffe00c                kA
 .data.kM       0x1fffe010        0x4 ./Sources/wrappers.o
                0x1fffe010                kM
 .data.__double_nan
                0x1fffe014        0x8 D:/Freescale/CW MCU v11.1/MCU/ARM_GCC_Support/ewl/lib/armv6-m\libm.a(float.o)
                0x1fffe014                __double_nan
                0x1fffe01c                . = ALIGN (0x4)
                0x1fffe01c                _edata = .
                0x0000001c                ___data_size = (_edata - _sdata)

.igot.plt       0x1fffe01c        0x0 load address 0x000090cc
 .igot.plt      0x00000000        0x0 ./Generated_Code/timers.o
                0x1fffe01c                . = ALIGN (0x4)

.bss            0x1fffe01c     0x21cc load address 0x000090cc
                0x1fffe01c                __START_BSS = .
                0x1fffe01c                PROVIDE (__bss_start__, __START_BSS)
 *(.bss)
 *(.bss*)
 .bss.pxCurrentTCB
                0x1fffe01c        0x4 ./Generated_Code/tasks.o
                0x1fffe01c                pxCurrentTCB
 .bss.uxCurrentNumberOfTasks
                0x1fffe020        0x4 ./Generated_Code/tasks.o
                0x1fffe020                uxCurrentNumberOfTasks
 .bss.xTickCount
                0x1fffe024        0x4 ./Generated_Code/tasks.o
 .bss.uxTopReadyPriority
                0x1fffe028        0x4 ./Generated_Code/tasks.o
                0x1fffe028                uxTopReadyPriority
 .bss.xSchedulerRunning
                0x1fffe02c        0x4 ./Generated_Code/tasks.o
                0x1fffe02c                xSchedulerRunning
 .bss.uxPendedTicks
                0x1fffe030        0x4 ./Generated_Code/tasks.o
 .bss.xYieldPending
                0x1fffe034        0x4 ./Generated_Code/tasks.o
 .bss.xNumOfOverflows
                0x1fffe038        0x4 ./Generated_Code/tasks.o
 .bss.uxTaskNumber
                0x1fffe03c        0x4 ./Generated_Code/tasks.o
 .bss.xNextTaskUnblockTime
                0x1fffe040        0x4 ./Generated_Code/tasks.o
 .bss.xIdleTaskHandle
                0x1fffe044        0x4 ./Generated_Code/tasks.o
 .bss.uxSchedulerSuspended
                0x1fffe048        0x4 ./Generated_Code/tasks.o
 .bss.ucHeap    0x1fffe04c     0x2000 ./Generated_Code/heap_4.o
 .bss.xStart    0x2000004c        0x8 ./Generated_Code/heap_4.o
 .bss.pxEnd     0x20000054        0x4 ./Generated_Code/heap_4.o
 .bss.xFreeBytesRemaining
                0x20000058        0x4 ./Generated_Code/heap_4.o
 .bss.xMinimumEverFreeBytesRemaining
                0x2000005c        0x4 ./Generated_Code/heap_4.o
 .bss.xBlockAllocatedBit
                0x20000060        0x4 ./Generated_Code/heap_4.o
 .bss.DeviceDataPrv__DEFAULT_RTOS_ALLOC
                0x20000064        0x4 ./Generated_Code/SegLCD1.o
 .bss.PE_LDD_DeviceDataList
                0x20000068       0x14 ./Generated_Code/PE_LDD.o
                0x20000068                PE_LDD_DeviceDataList
 .bss.DeviceDataPrv__DEFAULT_RTOS_ALLOC
                0x2000007c        0x4 ./Generated_Code/ExtIntLdd2.o
 .bss.INT_PORTC_PORTD__BAREBOARD_RTOS_ISRPARAM
                0x20000080        0x4 ./Generated_Code/ExtIntLdd2.o
 .bss.DeviceDataPrv__DEFAULT_RTOS_ALLOC
                0x20000084        0x4 ./Generated_Code/ExtIntLdd1.o
 .bss.INT_PORTC_PORTD__BAREBOARD_RTOS_ISRPARAM
                0x20000088        0x4 ./Generated_Code/ExtIntLdd1.o
 .bss.DeviceDataPrv__DEFAULT_RTOS_ALLOC
                0x2000008c        0x4 ./Generated_Code/BitIoLdd2.o
 .bss.DeviceDataPrv__DEFAULT_RTOS_ALLOC
                0x20000090        0x4 ./Generated_Code/BitIoLdd1.o
 .bss.argv      0x20000094        0x4 ./Project_Settings/Startup_Code/__arm_start.o
 .bss.pitch     0x20000098        0x4 ./Sources/wrappers.o
                0x20000098                pitch
 .bss.roll      0x2000009c        0x4 ./Sources/wrappers.o
                0x2000009c                roll
 .bss.yaw       0x200000a0        0x4 ./Sources/wrappers.o
                0x200000a0                yaw
 .bss.__stdio_exit
                0x200000a4        0x4 D:/Freescale/CW MCU v11.1/MCU/ARM_GCC_Support/ewl/lib/armv6-m\libc.a(exit.o)
                0x200000a4                __stdio_exit
 .bss.__console_exit
                0x200000a8        0x4 D:/Freescale/CW MCU v11.1/MCU/ARM_GCC_Support/ewl/lib/armv6-m\libc.a(exit.o)
                0x200000a8                __console_exit
 .bss.__global_destructor_chain
                0x200000ac        0x4 D:/Freescale/CW MCU v11.1/MCU/ARM_GCC_Support/ewl/lib/armv6-m\librt.a(__arm_eabi_init.o)
                0x200000ac                __global_destructor_chain
 .bss.__S_romp  0x200000b0        0xc D:/Freescale/CW MCU v11.1/MCU/ARM_GCC_Support/ewl/lib/armv6-m\librt.a(ROMCopy.o)
 *(COMMON)
 COMMON         0x200000bc       0xd0 ./Generated_Code/tasks.o
                0x200000bc                pxReadyTasksLists
                0x20000134                xPendingReadyList
                0x20000148                xSuspendedTaskList
                0x2000015c                pxDelayedTaskList
                0x20000160                pxOverflowDelayedTaskList
                0x20000164                xDelayedTaskList1
                0x20000178                xDelayedTaskList2
 COMMON         0x2000018c       0x34 ./Sources/Drivers/GY85/GY85.o
                0x2000018c                Mag_Accel
                0x200001a4                Raw_Data
                0x200001b8                disp_queue
                0x200001bc                example_mutex
 COMMON         0x200001c0       0x24 ./Sources/Drivers/LCD/LCD.o
                0x200001c0                bLCD_CharPosition
                0x200001c1                lcd_alternate_mode
                0x200001c4                lcdBuffer
 COMMON         0x200001e4        0x4 D:/Freescale/CW MCU v11.1/MCU/ARM_GCC_Support/ewl/lib/armv6-m\libc.a(errno.o)
                0x200001e4                errno
                0x200001e8                . = ALIGN (0x4)
                0x200001e8                __END_BSS = .
                0x200001e8                PROVIDE (__bss_end__, __END_BSS)
                0x000090cc                _romp_at = (___ROM_AT + SIZEOF (.data))

.romp           0x200001e8       0x18 load address 0x000090cc
                0x000090cc                __S_romp = _romp_at
                0x200001e8        0x4 LONG 0x90b0 ___ROM_AT
                0x200001ec        0x4 LONG 0x1fffe000 _sdata
                0x200001f0        0x4 LONG 0x1c ___data_size
                0x200001f4        0x4 LONG 0x0
                0x200001f8        0x4 LONG 0x0
                0x200001fc        0x4 LONG 0x0

._user_heap_stack
                0x20000200      0x400 load address 0x000090e4
                0x20000200                . = ALIGN (0x4)
                0x20000200                PROVIDE (end, .)
                0x20000200                PROVIDE (_end, .)
                0x20000200                __heap_addr = .
                0x20000200                . = (. + __heap_size)
                0x20000600                . = (. + __stack_size)
 *fill*         0x20000200      0x400 00
                0x20000600                . = ALIGN (0x4)

.ARM.attributes
                0x00000000       0x2f
 *(.ARM.attributes)
 .ARM.attributes
                0x00000000       0x31 ./Generated_Code/tasks.o
 .ARM.attributes
                0x00000031       0x31 ./Generated_Code/queue.o
 .ARM.attributes
                0x00000062       0x31 ./Generated_Code/port.o
 .ARM.attributes
                0x00000093       0x31 ./Generated_Code/list.o
 .ARM.attributes
                0x000000c4       0x31 ./Generated_Code/heap_4.o
 .ARM.attributes
                0x000000f5       0x31 ./Generated_Code/Vectors.o
 .ARM.attributes
                0x00000126       0x31 ./Generated_Code/UTIL1.o
 .ARM.attributes
                0x00000157       0x31 ./Generated_Code/SegLCD1.o
 .ARM.attributes
                0x00000188       0x31 ./Generated_Code/PE_LDD.o
 .ARM.attributes
                0x000001b9       0x31 ./Generated_Code/MCUC1.o
 .ARM.attributes
                0x000001ea       0x31 ./Generated_Code/LED2.o
 .ARM.attributes
                0x0000021b       0x31 ./Generated_Code/LED1.o
 .ARM.attributes
                0x0000024c       0x31 ./Generated_Code/FRTOS1.o
 .ARM.attributes
                0x0000027d       0x31 ./Generated_Code/ExtIntLdd2.o
 .ARM.attributes
                0x000002ae       0x31 ./Generated_Code/ExtIntLdd1.o
 .ARM.attributes
                0x000002df       0x31 ./Generated_Code/EInt2.o
 .ARM.attributes
                0x00000310       0x31 ./Generated_Code/EInt1.o
 .ARM.attributes
                0x00000341       0x31 ./Generated_Code/Cpu.o
 .ARM.attributes
                0x00000372       0x31 ./Generated_Code/BitIoLdd2.o
 .ARM.attributes
                0x000003a3       0x31 ./Generated_Code/BitIoLdd1.o
 .ARM.attributes
                0x000003d4       0x31 ./Project_Settings/Startup_Code/__arm_start.o
 .ARM.attributes
                0x00000405       0x31 ./Project_Settings/Startup_Code/__arm_end.o
 .ARM.attributes
                0x00000436       0x31 ./Sources/Drivers/GY85/GY85.o
 .ARM.attributes
                0x00000467       0x31 ./Sources/Drivers/I2C/I2C.o
 .ARM.attributes
                0x00000498       0x31 ./Sources/Drivers/LCD/s401.o
 .ARM.attributes
                0x000004c9       0x31 ./Sources/Drivers/LCD/LCD.o
 .ARM.attributes
                0x000004fa       0x31 ./Sources/Drivers/LSM9DS1/LSM9DS1.o
 .ARM.attributes
                0x0000052b       0x31 ./Sources/Drivers/UART/UART.o
 .ARM.attributes
                0x0000055c       0x31 ./Sources/wrappers.o
 .ARM.attributes
                0x0000058d       0x31 ./Sources/main.o
 .ARM.attributes
                0x000005be       0x31 ./Sources/common.o
 .ARM.attributes
                0x000005ef       0x31 ./Sources/Events.o
 .ARM.attributes
                0x00000620       0x31 D:/Freescale/CW MCU v11.1/MCU/ARM_GCC_Support/ewl/lib/armv6-m\libc.a(sprintf.o)
 .ARM.attributes
                0x00000651       0x31 D:/Freescale/CW MCU v11.1/MCU/ARM_GCC_Support/ewl/lib/armv6-m\libc.a(exit.o)
 .ARM.attributes
                0x00000682       0x31 D:/Freescale/CW MCU v11.1/MCU/ARM_GCC_Support/ewl/lib/armv6-m\libc.a(strchr.o)
 .ARM.attributes
                0x000006b3       0x31 D:/Freescale/CW MCU v11.1/MCU/ARM_GCC_Support/ewl/lib/armv6-m\libc.a(memset.o)
 .ARM.attributes
                0x000006e4       0x31 D:/Freescale/CW MCU v11.1/MCU/ARM_GCC_Support/ewl/lib/armv6-m\libc.a(__filll_mem.o)
 .ARM.attributes
                0x00000715       0x31 D:/Freescale/CW MCU v11.1/MCU/ARM_GCC_Support/ewl/lib/armv6-m\libc.a(memcpy.o)
 .ARM.attributes
                0x00000746       0x31 D:/Freescale/CW MCU v11.1/MCU/ARM_GCC_Support/ewl/lib/armv6-m\libc.a(strlen.o)
 .ARM.attributes
                0x00000777       0x31 D:/Freescale/CW MCU v11.1/MCU/ARM_GCC_Support/ewl/lib/armv6-m\libc.a(printformat_.o)
 .ARM.attributes
                0x000007a8       0x31 D:/Freescale/CW MCU v11.1/MCU/ARM_GCC_Support/ewl/lib/armv6-m\libc.a(scanformat_.o)
 .ARM.attributes
                0x000007d9       0x31 D:/Freescale/CW MCU v11.1/MCU/ARM_GCC_Support/ewl/lib/armv6-m\libc.a(ctype_aeabi.o)
 .ARM.attributes
                0x0000080a       0x31 D:/Freescale/CW MCU v11.1/MCU/ARM_GCC_Support/ewl/lib/armv6-m\libc.a(vsnprintf.o)
 .ARM.attributes
                0x0000083b       0x31 D:/Freescale/CW MCU v11.1/MCU/ARM_GCC_Support/ewl/lib/armv6-m\libc.a(__strtoul.o)
 .ARM.attributes
                0x0000086c       0x31 D:/Freescale/CW MCU v11.1/MCU/ARM_GCC_Support/ewl/lib/armv6-m\libc.a(memchr.o)
 .ARM.attributes
                0x0000089d       0x31 D:/Freescale/CW MCU v11.1/MCU/ARM_GCC_Support/ewl/lib/armv6-m\libm.a(s_cos.o)
 .ARM.attributes
                0x000008ce       0x31 D:/Freescale/CW MCU v11.1/MCU/ARM_GCC_Support/ewl/lib/armv6-m\libm.a(round.o)
 .ARM.attributes
                0x000008ff       0x31 D:/Freescale/CW MCU v11.1/MCU/ARM_GCC_Support/ewl/lib/armv6-m\libm.a(s_sin.o)
 .ARM.attributes
                0x00000930       0x31 D:/Freescale/CW MCU v11.1/MCU/ARM_GCC_Support/ewl/lib/armv6-m\libm.a(e_rem_pio2.o)
 .ARM.attributes
                0x00000961       0x31 D:/Freescale/CW MCU v11.1/MCU/ARM_GCC_Support/ewl/lib/armv6-m\libm.a(w_atan2.o)
 .ARM.attributes
                0x00000992       0x31 D:/Freescale/CW MCU v11.1/MCU/ARM_GCC_Support/ewl/lib/armv6-m\libm.a(k_sin.o)
 .ARM.attributes
                0x000009c3       0x31 D:/Freescale/CW MCU v11.1/MCU/ARM_GCC_Support/ewl/lib/armv6-m\libm.a(w_sqrt.o)
 .ARM.attributes
                0x000009f4       0x31 D:/Freescale/CW MCU v11.1/MCU/ARM_GCC_Support/ewl/lib/armv6-m\libm.a(s_modf.o)
 .ARM.attributes
                0x00000a25       0x31 D:/Freescale/CW MCU v11.1/MCU/ARM_GCC_Support/ewl/lib/armv6-m\libm.a(math_api.o)
 .ARM.attributes
                0x00000a56       0x31 D:/Freescale/CW MCU v11.1/MCU/ARM_GCC_Support/ewl/lib/armv6-m\libm.a(k_rem_pio2.o)
 .ARM.attributes
                0x00000a87       0x31 D:/Freescale/CW MCU v11.1/MCU/ARM_GCC_Support/ewl/lib/armv6-m\libm.a(e_atan2.o)
 .ARM.attributes
                0x00000ab8       0x31 D:/Freescale/CW MCU v11.1/MCU/ARM_GCC_Support/ewl/lib/armv6-m\libm.a(k_cos.o)
 .ARM.attributes
                0x00000ae9       0x31 D:/Freescale/CW MCU v11.1/MCU/ARM_GCC_Support/ewl/lib/armv6-m\libm.a(s_floor.o)
 .ARM.attributes
                0x00000b1a       0x31 D:/Freescale/CW MCU v11.1/MCU/ARM_GCC_Support/ewl/lib/armv6-m\libm.a(e_sqrt.o)
 .ARM.attributes
                0x00000b4b       0x31 D:/Freescale/CW MCU v11.1/MCU/ARM_GCC_Support/ewl/lib/armv6-m\libm.a(scalbn.o)
 .ARM.attributes
                0x00000b7c       0x31 D:/Freescale/CW MCU v11.1/MCU/ARM_GCC_Support/ewl/lib/armv6-m\libm.a(float.o)
 .ARM.attributes
                0x00000bad       0x31 D:/Freescale/CW MCU v11.1/MCU/ARM_GCC_Support/ewl/lib/armv6-m\libm.a(s_frexp.o)
 .ARM.attributes
                0x00000bde       0x31 D:/Freescale/CW MCU v11.1/MCU/ARM_GCC_Support/ewl/lib/armv6-m\libm.a(s_ldexp.o)
 .ARM.attributes
                0x00000c0f       0x31 D:/Freescale/CW MCU v11.1/MCU/ARM_GCC_Support/ewl/lib/armv6-m\libm.a(s_atan.o)
 .ARM.attributes
                0x00000c40       0x1e d:/freescale/cw mcu v11.1/cross_tools/arm-none-eabi-gcc-4_7_3/bin/../lib/gcc/arm-none-eabi/4.7.3/armv6-m\libgcc.a(_thumb1_case_sqi.o)
 .ARM.attributes
                0x00000c5e       0x1e d:/freescale/cw mcu v11.1/cross_tools/arm-none-eabi-gcc-4_7_3/bin/../lib/gcc/arm-none-eabi/4.7.3/armv6-m\libgcc.a(_thumb1_case_uqi.o)
 .ARM.attributes
                0x00000c7c       0x1e d:/freescale/cw mcu v11.1/cross_tools/arm-none-eabi-gcc-4_7_3/bin/../lib/gcc/arm-none-eabi/4.7.3/armv6-m\libgcc.a(_udivsi3.o)
 .ARM.attributes
                0x00000c9a       0x1e d:/freescale/cw mcu v11.1/cross_tools/arm-none-eabi-gcc-4_7_3/bin/../lib/gcc/arm-none-eabi/4.7.3/armv6-m\libgcc.a(_divsi3.o)
 .ARM.attributes
                0x00000cb8       0x1e d:/freescale/cw mcu v11.1/cross_tools/arm-none-eabi-gcc-4_7_3/bin/../lib/gcc/arm-none-eabi/4.7.3/armv6-m\libgcc.a(_dvmd_tls.o)
 .ARM.attributes
                0x00000cd6       0x1e d:/freescale/cw mcu v11.1/cross_tools/arm-none-eabi-gcc-4_7_3/bin/../lib/gcc/arm-none-eabi/4.7.3/armv6-m\libgcc.a(_arm_cmpdf2.o)
 .ARM.attributes
                0x00000cf4       0x2c d:/freescale/cw mcu v11.1/cross_tools/arm-none-eabi-gcc-4_7_3/bin/../lib/gcc/arm-none-eabi/4.7.3/armv6-m\libgcc.a(addsf3.o)
 .ARM.attributes
                0x00000d20       0x2c d:/freescale/cw mcu v11.1/cross_tools/arm-none-eabi-gcc-4_7_3/bin/../lib/gcc/arm-none-eabi/4.7.3/armv6-m\libgcc.a(mulsf3.o)
 .ARM.attributes
                0x00000d4c       0x2c d:/freescale/cw mcu v11.1/cross_tools/arm-none-eabi-gcc-4_7_3/bin/../lib/gcc/arm-none-eabi/4.7.3/armv6-m\libgcc.a(floatsisf.o)
 .ARM.attributes
                0x00000d78       0x2c d:/freescale/cw mcu v11.1/cross_tools/arm-none-eabi-gcc-4_7_3/bin/../lib/gcc/arm-none-eabi/4.7.3/armv6-m\libgcc.a(adddf3.o)
 .ARM.attributes
                0x00000da4       0x2c d:/freescale/cw mcu v11.1/cross_tools/arm-none-eabi-gcc-4_7_3/bin/../lib/gcc/arm-none-eabi/4.7.3/armv6-m\libgcc.a(divdf3.o)
 .ARM.attributes
                0x00000dd0       0x2c d:/freescale/cw mcu v11.1/cross_tools/arm-none-eabi-gcc-4_7_3/bin/../lib/gcc/arm-none-eabi/4.7.3/armv6-m\libgcc.a(eqdf2.o)
 .ARM.attributes
                0x00000dfc       0x2c d:/freescale/cw mcu v11.1/cross_tools/arm-none-eabi-gcc-4_7_3/bin/../lib/gcc/arm-none-eabi/4.7.3/armv6-m\libgcc.a(gedf2.o)
 .ARM.attributes
                0x00000e28       0x2c d:/freescale/cw mcu v11.1/cross_tools/arm-none-eabi-gcc-4_7_3/bin/../lib/gcc/arm-none-eabi/4.7.3/armv6-m\libgcc.a(ledf2.o)
 .ARM.attributes
                0x00000e54       0x2c d:/freescale/cw mcu v11.1/cross_tools/arm-none-eabi-gcc-4_7_3/bin/../lib/gcc/arm-none-eabi/4.7.3/armv6-m\libgcc.a(muldf3.o)
 .ARM.attributes
                0x00000e80       0x2c d:/freescale/cw mcu v11.1/cross_tools/arm-none-eabi-gcc-4_7_3/bin/../lib/gcc/arm-none-eabi/4.7.3/armv6-m\libgcc.a(subdf3.o)
 .ARM.attributes
                0x00000eac       0x2c d:/freescale/cw mcu v11.1/cross_tools/arm-none-eabi-gcc-4_7_3/bin/../lib/gcc/arm-none-eabi/4.7.3/armv6-m\libgcc.a(fixdfsi.o)
 .ARM.attributes
                0x00000ed8       0x2c d:/freescale/cw mcu v11.1/cross_tools/arm-none-eabi-gcc-4_7_3/bin/../lib/gcc/arm-none-eabi/4.7.3/armv6-m\libgcc.a(floatsidf.o)
 .ARM.attributes
                0x00000f04       0x2c d:/freescale/cw mcu v11.1/cross_tools/arm-none-eabi-gcc-4_7_3/bin/../lib/gcc/arm-none-eabi/4.7.3/armv6-m\libgcc.a(extendsfdf2.o)
 .ARM.attributes
                0x00000f30       0x2c d:/freescale/cw mcu v11.1/cross_tools/arm-none-eabi-gcc-4_7_3/bin/../lib/gcc/arm-none-eabi/4.7.3/armv6-m\libgcc.a(truncdfsf2.o)
 .ARM.attributes
                0x00000f5c       0x1e d:/freescale/cw mcu v11.1/cross_tools/arm-none-eabi-gcc-4_7_3/bin/../lib/gcc/arm-none-eabi/4.7.3/armv6-m\libgcc.a(_clzsi2.o)
 .ARM.attributes
                0x00000f7a       0x31 D:/Freescale/CW MCU v11.1/MCU/ARM_GCC_Support/ewl/lib/armv6-m\librt.a(gcc_ctor_dtor.o)
 .ARM.attributes
                0x00000fab       0x31 D:/Freescale/CW MCU v11.1/MCU/ARM_GCC_Support/ewl/lib/armv6-m\librt.a(__arm_eabi_init.o)
 .ARM.attributes
                0x00000fdc       0x31 D:/Freescale/CW MCU v11.1/MCU/ARM_GCC_Support/ewl/lib/armv6-m\librt.a(ROMCopy.o)
 .ARM.attributes
                0x0000100d       0x31 D:/Freescale/CW MCU v11.1/MCU/ARM_GCC_Support/ewl/lib/armv6-m\libc.a(errno.o)
OUTPUT(IMU46.elf elf32-littlearm)

.debug_info     0x00000000     0xdee5
 .debug_info    0x00000000     0x1728 ./Generated_Code/tasks.o
 .debug_info    0x00001728     0x1047 ./Generated_Code/queue.o
 .debug_info    0x0000276f      0x2e4 ./Generated_Code/port.o
 .debug_info    0x00002a53      0x2ca ./Generated_Code/list.o
 .debug_info    0x00002d1d      0x314 ./Generated_Code/heap_4.o
 .debug_info    0x00003031      0x10b ./Generated_Code/Vectors.o
 .debug_info    0x0000313c     0x1b96 ./Generated_Code/UTIL1.o
 .debug_info    0x00004cd2      0x566 ./Generated_Code/SegLCD1.o
 .debug_info    0x00005238      0x255 ./Generated_Code/PE_LDD.o
 .debug_info    0x0000548d       0xa0 ./Generated_Code/MCUC1.o
 .debug_info    0x0000552d       0xf8 ./Generated_Code/LED2.o
 .debug_info    0x00005625       0xf8 ./Generated_Code/LED1.o
 .debug_info    0x0000571d       0xf0 ./Generated_Code/FRTOS1.o
 .debug_info    0x0000580d      0x3b0 ./Generated_Code/ExtIntLdd2.o
 .debug_info    0x00005bbd      0x3b0 ./Generated_Code/ExtIntLdd1.o
 .debug_info    0x00005f6d       0xae ./Generated_Code/EInt2.o
 .debug_info    0x0000601b       0xae ./Generated_Code/EInt1.o
 .debug_info    0x000060c9      0x991 ./Generated_Code/Cpu.o
 .debug_info    0x00006a5a      0x392 ./Generated_Code/BitIoLdd2.o
 .debug_info    0x00006dec      0x392 ./Generated_Code/BitIoLdd1.o
 .debug_info    0x0000717e      0x12a ./Project_Settings/Startup_Code/__arm_start.o
 .debug_info    0x000072a8       0x54 ./Project_Settings/Startup_Code/__arm_end.o
 .debug_info    0x000072fc      0x3e9 ./Sources/Drivers/GY85/GY85.o
 .debug_info    0x000076e5      0x771 ./Sources/Drivers/I2C/I2C.o
 .debug_info    0x00007e56       0xcf ./Sources/Drivers/LCD/s401.o
 .debug_info    0x00007f25      0xa72 ./Sources/Drivers/LCD/LCD.o
 .debug_info    0x00008997      0x35c ./Sources/Drivers/LSM9DS1/LSM9DS1.o
 .debug_info    0x00008cf3      0x564 ./Sources/Drivers/UART/UART.o
 .debug_info    0x00009257      0x389 ./Sources/wrappers.o
 .debug_info    0x000095e0      0x306 ./Sources/main.o
 .debug_info    0x000098e6       0xa1 ./Sources/common.o
 .debug_info    0x00009987      0x173 ./Sources/Events.o
 .debug_info    0x00009afa      0x11e D:/Freescale/CW MCU v11.1/MCU/ARM_GCC_Support/ewl/lib/armv6-m\libc.a(sprintf.o)
 .debug_info    0x00009c18       0xe8 D:/Freescale/CW MCU v11.1/MCU/ARM_GCC_Support/ewl/lib/armv6-m\libc.a(exit.o)
 .debug_info    0x00009d00      0x10b D:/Freescale/CW MCU v11.1/MCU/ARM_GCC_Support/ewl/lib/armv6-m\libc.a(strchr.o)
 .debug_info    0x00009e0b       0xec D:/Freescale/CW MCU v11.1/MCU/ARM_GCC_Support/ewl/lib/armv6-m\libc.a(memset.o)
 .debug_info    0x00009ef7      0x137 D:/Freescale/CW MCU v11.1/MCU/ARM_GCC_Support/ewl/lib/armv6-m\libc.a(__filll_mem.o)
 .debug_info    0x0000a02e      0x10f D:/Freescale/CW MCU v11.1/MCU/ARM_GCC_Support/ewl/lib/armv6-m\libc.a(memcpy.o)
 .debug_info    0x0000a13d       0xea D:/Freescale/CW MCU v11.1/MCU/ARM_GCC_Support/ewl/lib/armv6-m\libc.a(strlen.o)
 .debug_info    0x0000a227      0x50d D:/Freescale/CW MCU v11.1/MCU/ARM_GCC_Support/ewl/lib/armv6-m\libc.a(printformat_.o)
 .debug_info    0x0000a734      0x568 D:/Freescale/CW MCU v11.1/MCU/ARM_GCC_Support/ewl/lib/armv6-m\libc.a(scanformat_.o)
 .debug_info    0x0000ac9c      0x313 D:/Freescale/CW MCU v11.1/MCU/ARM_GCC_Support/ewl/lib/armv6-m\libc.a(ctype_aeabi.o)
 .debug_info    0x0000afaf      0x205 D:/Freescale/CW MCU v11.1/MCU/ARM_GCC_Support/ewl/lib/armv6-m\libc.a(vsnprintf.o)
 .debug_info    0x0000b1b4      0x1d6 D:/Freescale/CW MCU v11.1/MCU/ARM_GCC_Support/ewl/lib/armv6-m\libc.a(__strtoul.o)
 .debug_info    0x0000b38a      0x121 D:/Freescale/CW MCU v11.1/MCU/ARM_GCC_Support/ewl/lib/armv6-m\libc.a(memchr.o)
 .debug_info    0x0000b4ab      0x1a0 D:/Freescale/CW MCU v11.1/MCU/ARM_GCC_Support/ewl/lib/armv6-m\libm.a(s_cos.o)
 .debug_info    0x0000b64b       0xed D:/Freescale/CW MCU v11.1/MCU/ARM_GCC_Support/ewl/lib/armv6-m\libm.a(round.o)
 .debug_info    0x0000b738      0x1a0 D:/Freescale/CW MCU v11.1/MCU/ARM_GCC_Support/ewl/lib/armv6-m\libm.a(s_sin.o)
 .debug_info    0x0000b8d8      0x343 D:/Freescale/CW MCU v11.1/MCU/ARM_GCC_Support/ewl/lib/armv6-m\libm.a(e_rem_pio2.o)
 .debug_info    0x0000bc1b       0xbf D:/Freescale/CW MCU v11.1/MCU/ARM_GCC_Support/ewl/lib/armv6-m\libm.a(w_atan2.o)
 .debug_info    0x0000bcda      0x222 D:/Freescale/CW MCU v11.1/MCU/ARM_GCC_Support/ewl/lib/armv6-m\libm.a(k_sin.o)
 .debug_info    0x0000befc       0xb3 D:/Freescale/CW MCU v11.1/MCU/ARM_GCC_Support/ewl/lib/armv6-m\libm.a(w_sqrt.o)
 .debug_info    0x0000bfaf      0x1c0 D:/Freescale/CW MCU v11.1/MCU/ARM_GCC_Support/ewl/lib/armv6-m\libm.a(s_modf.o)
 .debug_info    0x0000c16f      0x305 D:/Freescale/CW MCU v11.1/MCU/ARM_GCC_Support/ewl/lib/armv6-m\libm.a(math_api.o)
 .debug_info    0x0000c474      0x30a D:/Freescale/CW MCU v11.1/MCU/ARM_GCC_Support/ewl/lib/armv6-m\libm.a(k_rem_pio2.o)
 .debug_info    0x0000c77e      0x26a D:/Freescale/CW MCU v11.1/MCU/ARM_GCC_Support/ewl/lib/armv6-m\libm.a(e_atan2.o)
 .debug_info    0x0000c9e8      0x22d D:/Freescale/CW MCU v11.1/MCU/ARM_GCC_Support/ewl/lib/armv6-m\libm.a(k_cos.o)
 .debug_info    0x0000cc15      0x1a9 D:/Freescale/CW MCU v11.1/MCU/ARM_GCC_Support/ewl/lib/armv6-m\libm.a(s_floor.o)
 .debug_info    0x0000cdbe      0x266 D:/Freescale/CW MCU v11.1/MCU/ARM_GCC_Support/ewl/lib/armv6-m\libm.a(e_sqrt.o)
 .debug_info    0x0000d024       0xf9 D:/Freescale/CW MCU v11.1/MCU/ARM_GCC_Support/ewl/lib/armv6-m\libm.a(scalbn.o)
 .debug_info    0x0000d11d      0x1e4 D:/Freescale/CW MCU v11.1/MCU/ARM_GCC_Support/ewl/lib/armv6-m\libm.a(float.o)
 .debug_info    0x0000d301      0x1a1 D:/Freescale/CW MCU v11.1/MCU/ARM_GCC_Support/ewl/lib/armv6-m\libm.a(s_frexp.o)
 .debug_info    0x0000d4a2      0x1e2 D:/Freescale/CW MCU v11.1/MCU/ARM_GCC_Support/ewl/lib/armv6-m\libm.a(s_ldexp.o)
 .debug_info    0x0000d684      0x23a D:/Freescale/CW MCU v11.1/MCU/ARM_GCC_Support/ewl/lib/armv6-m\libm.a(s_atan.o)
 .debug_info    0x0000d8be      0x136 D:/Freescale/CW MCU v11.1/MCU/ARM_GCC_Support/ewl/lib/armv6-m\librt.a(gcc_ctor_dtor.o)
 .debug_info    0x0000d9f4      0x2b9 D:/Freescale/CW MCU v11.1/MCU/ARM_GCC_Support/ewl/lib/armv6-m\librt.a(__arm_eabi_init.o)
 .debug_info    0x0000dcad      0x19b D:/Freescale/CW MCU v11.1/MCU/ARM_GCC_Support/ewl/lib/armv6-m\librt.a(ROMCopy.o)
 .debug_info    0x0000de48       0x9d D:/Freescale/CW MCU v11.1/MCU/ARM_GCC_Support/ewl/lib/armv6-m\libc.a(errno.o)

.debug_abbrev   0x00000000     0x3b5c
 .debug_abbrev  0x00000000      0x1d2 ./Generated_Code/tasks.o
 .debug_abbrev  0x000001d2      0x190 ./Generated_Code/queue.o
 .debug_abbrev  0x00000362      0x12c ./Generated_Code/port.o
 .debug_abbrev  0x0000048e       0xbd ./Generated_Code/list.o
 .debug_abbrev  0x0000054b      0x168 ./Generated_Code/heap_4.o
 .debug_abbrev  0x000006b3       0xa3 ./Generated_Code/Vectors.o
 .debug_abbrev  0x00000756      0x166 ./Generated_Code/UTIL1.o
 .debug_abbrev  0x000008bc      0x18b ./Generated_Code/SegLCD1.o
 .debug_abbrev  0x00000a47      0x102 ./Generated_Code/PE_LDD.o
 .debug_abbrev  0x00000b49       0x3d ./Generated_Code/MCUC1.o
 .debug_abbrev  0x00000b86       0xa3 ./Generated_Code/LED2.o
 .debug_abbrev  0x00000c29       0xa3 ./Generated_Code/LED1.o
 .debug_abbrev  0x00000ccc       0x79 ./Generated_Code/FRTOS1.o
 .debug_abbrev  0x00000d45      0x134 ./Generated_Code/ExtIntLdd2.o
 .debug_abbrev  0x00000e79      0x134 ./Generated_Code/ExtIntLdd1.o
 .debug_abbrev  0x00000fad       0x60 ./Generated_Code/EInt2.o
 .debug_abbrev  0x0000100d       0x60 ./Generated_Code/EInt1.o
 .debug_abbrev  0x0000106d      0x122 ./Generated_Code/Cpu.o
 .debug_abbrev  0x0000118f      0x11c ./Generated_Code/BitIoLdd2.o
 .debug_abbrev  0x000012ab      0x11c ./Generated_Code/BitIoLdd1.o
 .debug_abbrev  0x000013c7       0x92 ./Project_Settings/Startup_Code/__arm_start.o
 .debug_abbrev  0x00001459       0x4c ./Project_Settings/Startup_Code/__arm_end.o
 .debug_abbrev  0x000014a5      0x108 ./Sources/Drivers/GY85/GY85.o
 .debug_abbrev  0x000015ad      0x167 ./Sources/Drivers/I2C/I2C.o
 .debug_abbrev  0x00001714       0x5f ./Sources/Drivers/LCD/s401.o
 .debug_abbrev  0x00001773      0x1d9 ./Sources/Drivers/LCD/LCD.o
 .debug_abbrev  0x0000194c      0x115 ./Sources/Drivers/LSM9DS1/LSM9DS1.o
 .debug_abbrev  0x00001a61      0x126 ./Sources/Drivers/UART/UART.o
 .debug_abbrev  0x00001b87      0x146 ./Sources/wrappers.o
 .debug_abbrev  0x00001ccd      0x10d ./Sources/main.o
 .debug_abbrev  0x00001dda       0x67 ./Sources/common.o
 .debug_abbrev  0x00001e41       0xac ./Sources/Events.o
 .debug_abbrev  0x00001eed       0xb1 D:/Freescale/CW MCU v11.1/MCU/ARM_GCC_Support/ewl/lib/armv6-m\libc.a(sprintf.o)
 .debug_abbrev  0x00001f9e       0x7a D:/Freescale/CW MCU v11.1/MCU/ARM_GCC_Support/ewl/lib/armv6-m\libc.a(exit.o)
 .debug_abbrev  0x00002018       0x7a D:/Freescale/CW MCU v11.1/MCU/ARM_GCC_Support/ewl/lib/armv6-m\libc.a(strchr.o)
 .debug_abbrev  0x00002092       0x62 D:/Freescale/CW MCU v11.1/MCU/ARM_GCC_Support/ewl/lib/armv6-m\libc.a(memset.o)
 .debug_abbrev  0x000020f4       0x78 D:/Freescale/CW MCU v11.1/MCU/ARM_GCC_Support/ewl/lib/armv6-m\libc.a(__filll_mem.o)
 .debug_abbrev  0x0000216c       0x95 D:/Freescale/CW MCU v11.1/MCU/ARM_GCC_Support/ewl/lib/armv6-m\libc.a(memcpy.o)
 .debug_abbrev  0x00002201       0x7a D:/Freescale/CW MCU v11.1/MCU/ARM_GCC_Support/ewl/lib/armv6-m\libc.a(strlen.o)
 .debug_abbrev  0x0000227b      0x200 D:/Freescale/CW MCU v11.1/MCU/ARM_GCC_Support/ewl/lib/armv6-m\libc.a(printformat_.o)
 .debug_abbrev  0x0000247b      0x1f0 D:/Freescale/CW MCU v11.1/MCU/ARM_GCC_Support/ewl/lib/armv6-m\libc.a(scanformat_.o)
 .debug_abbrev  0x0000266b       0x9e D:/Freescale/CW MCU v11.1/MCU/ARM_GCC_Support/ewl/lib/armv6-m\libc.a(ctype_aeabi.o)
 .debug_abbrev  0x00002709       0xf0 D:/Freescale/CW MCU v11.1/MCU/ARM_GCC_Support/ewl/lib/armv6-m\libc.a(vsnprintf.o)
 .debug_abbrev  0x000027f9       0xc2 D:/Freescale/CW MCU v11.1/MCU/ARM_GCC_Support/ewl/lib/armv6-m\libc.a(__strtoul.o)
 .debug_abbrev  0x000028bb       0x95 D:/Freescale/CW MCU v11.1/MCU/ARM_GCC_Support/ewl/lib/armv6-m\libc.a(memchr.o)
 .debug_abbrev  0x00002950       0xd7 D:/Freescale/CW MCU v11.1/MCU/ARM_GCC_Support/ewl/lib/armv6-m\libm.a(s_cos.o)
 .debug_abbrev  0x00002a27       0x77 D:/Freescale/CW MCU v11.1/MCU/ARM_GCC_Support/ewl/lib/armv6-m\libm.a(round.o)
 .debug_abbrev  0x00002a9e       0xd7 D:/Freescale/CW MCU v11.1/MCU/ARM_GCC_Support/ewl/lib/armv6-m\libm.a(s_sin.o)
 .debug_abbrev  0x00002b75       0xfc D:/Freescale/CW MCU v11.1/MCU/ARM_GCC_Support/ewl/lib/armv6-m\libm.a(e_rem_pio2.o)
 .debug_abbrev  0x00002c71       0x59 D:/Freescale/CW MCU v11.1/MCU/ARM_GCC_Support/ewl/lib/armv6-m\libm.a(w_atan2.o)
 .debug_abbrev  0x00002cca       0xea D:/Freescale/CW MCU v11.1/MCU/ARM_GCC_Support/ewl/lib/armv6-m\libm.a(k_sin.o)
 .debug_abbrev  0x00002db4       0x59 D:/Freescale/CW MCU v11.1/MCU/ARM_GCC_Support/ewl/lib/armv6-m\libm.a(w_sqrt.o)
 .debug_abbrev  0x00002e0d       0xdd D:/Freescale/CW MCU v11.1/MCU/ARM_GCC_Support/ewl/lib/armv6-m\libm.a(s_modf.o)
 .debug_abbrev  0x00002eea       0xe8 D:/Freescale/CW MCU v11.1/MCU/ARM_GCC_Support/ewl/lib/armv6-m\libm.a(math_api.o)
 .debug_abbrev  0x00002fd2       0xf3 D:/Freescale/CW MCU v11.1/MCU/ARM_GCC_Support/ewl/lib/armv6-m\libm.a(k_rem_pio2.o)
 .debug_abbrev  0x000030c5       0xec D:/Freescale/CW MCU v11.1/MCU/ARM_GCC_Support/ewl/lib/armv6-m\libm.a(e_atan2.o)
 .debug_abbrev  0x000031b1       0xcc D:/Freescale/CW MCU v11.1/MCU/ARM_GCC_Support/ewl/lib/armv6-m\libm.a(k_cos.o)
 .debug_abbrev  0x0000327d       0xbf D:/Freescale/CW MCU v11.1/MCU/ARM_GCC_Support/ewl/lib/armv6-m\libm.a(s_floor.o)
 .debug_abbrev  0x0000333c      0x10b D:/Freescale/CW MCU v11.1/MCU/ARM_GCC_Support/ewl/lib/armv6-m\libm.a(e_sqrt.o)
 .debug_abbrev  0x00003447       0x86 D:/Freescale/CW MCU v11.1/MCU/ARM_GCC_Support/ewl/lib/armv6-m\libm.a(scalbn.o)
 .debug_abbrev  0x000034cd       0x56 D:/Freescale/CW MCU v11.1/MCU/ARM_GCC_Support/ewl/lib/armv6-m\libm.a(float.o)
 .debug_abbrev  0x00003523       0xce D:/Freescale/CW MCU v11.1/MCU/ARM_GCC_Support/ewl/lib/armv6-m\libm.a(s_frexp.o)
 .debug_abbrev  0x000035f1       0xce D:/Freescale/CW MCU v11.1/MCU/ARM_GCC_Support/ewl/lib/armv6-m\libm.a(s_ldexp.o)
 .debug_abbrev  0x000036bf       0xed D:/Freescale/CW MCU v11.1/MCU/ARM_GCC_Support/ewl/lib/armv6-m\libm.a(s_atan.o)
 .debug_abbrev  0x000037ac       0x99 D:/Freescale/CW MCU v11.1/MCU/ARM_GCC_Support/ewl/lib/armv6-m\librt.a(gcc_ctor_dtor.o)
 .debug_abbrev  0x00003845      0x1b3 D:/Freescale/CW MCU v11.1/MCU/ARM_GCC_Support/ewl/lib/armv6-m\librt.a(__arm_eabi_init.o)
 .debug_abbrev  0x000039f8      0x120 D:/Freescale/CW MCU v11.1/MCU/ARM_GCC_Support/ewl/lib/armv6-m\librt.a(ROMCopy.o)
 .debug_abbrev  0x00003b18       0x44 D:/Freescale/CW MCU v11.1/MCU/ARM_GCC_Support/ewl/lib/armv6-m\libc.a(errno.o)

.debug_loc      0x00000000     0x8267
 .debug_loc     0x00000000      0xbc1 ./Generated_Code/tasks.o
 .debug_loc     0x00000bc1      0x738 ./Generated_Code/queue.o
 .debug_loc     0x000012f9      0x260 ./Generated_Code/port.o
 .debug_loc     0x00001559      0x118 ./Generated_Code/list.o
 .debug_loc     0x00001671      0x164 ./Generated_Code/heap_4.o
 .debug_loc     0x000017d5      0xf39 ./Generated_Code/UTIL1.o
 .debug_loc     0x0000270e       0x70 ./Generated_Code/SegLCD1.o
 .debug_loc     0x0000277e       0x9c ./Generated_Code/PE_LDD.o
 .debug_loc     0x0000281a       0x58 ./Generated_Code/MCUC1.o
 .debug_loc     0x00002872       0x90 ./Generated_Code/LED2.o
 .debug_loc     0x00002902       0x90 ./Generated_Code/LED1.o
 .debug_loc     0x00002992       0x84 ./Generated_Code/FRTOS1.o
 .debug_loc     0x00002a16       0xa8 ./Generated_Code/ExtIntLdd2.o
 .debug_loc     0x00002abe       0xa8 ./Generated_Code/ExtIntLdd1.o
 .debug_loc     0x00002b66       0x38 ./Generated_Code/EInt2.o
 .debug_loc     0x00002b9e       0x38 ./Generated_Code/EInt1.o
 .debug_loc     0x00002bd6      0x108 ./Generated_Code/Cpu.o
 .debug_loc     0x00002cde      0x118 ./Generated_Code/BitIoLdd2.o
 .debug_loc     0x00002df6      0x118 ./Generated_Code/BitIoLdd1.o
 .debug_loc     0x00002f0e       0x2c ./Project_Settings/Startup_Code/__arm_start.o
 .debug_loc     0x00002f3a       0x38 ./Project_Settings/Startup_Code/__arm_end.o
 .debug_loc     0x00002f72      0x11c ./Sources/Drivers/GY85/GY85.o
 .debug_loc     0x0000308e      0x10c ./Sources/Drivers/I2C/I2C.o
 .debug_loc     0x0000319a      0x3ec ./Sources/Drivers/LCD/LCD.o
 .debug_loc     0x00003586       0xac ./Sources/Drivers/LSM9DS1/LSM9DS1.o
 .debug_loc     0x00003632      0x170 ./Sources/Drivers/UART/UART.o
 .debug_loc     0x000037a2       0x66 ./Sources/wrappers.o
 .debug_loc     0x00003808       0xe0 ./Sources/main.o
 .debug_loc     0x000038e8       0x70 ./Sources/common.o
 .debug_loc     0x00003958      0x140 ./Sources/Events.o
 .debug_loc     0x00003a98       0x3f D:/Freescale/CW MCU v11.1/MCU/ARM_GCC_Support/ewl/lib/armv6-m\libc.a(sprintf.o)
 .debug_loc     0x00003ad7       0x3e D:/Freescale/CW MCU v11.1/MCU/ARM_GCC_Support/ewl/lib/armv6-m\libc.a(exit.o)
 .debug_loc     0x00003b15       0xaf D:/Freescale/CW MCU v11.1/MCU/ARM_GCC_Support/ewl/lib/armv6-m\libc.a(strchr.o)
 .debug_loc     0x00003bc4       0x6f D:/Freescale/CW MCU v11.1/MCU/ARM_GCC_Support/ewl/lib/armv6-m\libc.a(memset.o)
 .debug_loc     0x00003c33      0x14a D:/Freescale/CW MCU v11.1/MCU/ARM_GCC_Support/ewl/lib/armv6-m\libc.a(__filll_mem.o)
 .debug_loc     0x00003d7d       0x59 D:/Freescale/CW MCU v11.1/MCU/ARM_GCC_Support/ewl/lib/armv6-m\libc.a(memcpy.o)
 .debug_loc     0x00003dd6       0x33 D:/Freescale/CW MCU v11.1/MCU/ARM_GCC_Support/ewl/lib/armv6-m\libc.a(strlen.o)
 .debug_loc     0x00003e09     0x104b D:/Freescale/CW MCU v11.1/MCU/ARM_GCC_Support/ewl/lib/armv6-m\libc.a(printformat_.o)
 .debug_loc     0x00004e54      0x9d8 D:/Freescale/CW MCU v11.1/MCU/ARM_GCC_Support/ewl/lib/armv6-m\libc.a(scanformat_.o)
 .debug_loc     0x0000582c      0x30d D:/Freescale/CW MCU v11.1/MCU/ARM_GCC_Support/ewl/lib/armv6-m\libc.a(ctype_aeabi.o)
 .debug_loc     0x00005b39      0x105 D:/Freescale/CW MCU v11.1/MCU/ARM_GCC_Support/ewl/lib/armv6-m\libc.a(vsnprintf.o)
 .debug_loc     0x00005c3e      0x305 D:/Freescale/CW MCU v11.1/MCU/ARM_GCC_Support/ewl/lib/armv6-m\libc.a(__strtoul.o)
 .debug_loc     0x00005f43       0x77 D:/Freescale/CW MCU v11.1/MCU/ARM_GCC_Support/ewl/lib/armv6-m\libc.a(memchr.o)
 .debug_loc     0x00005fba       0xc8 D:/Freescale/CW MCU v11.1/MCU/ARM_GCC_Support/ewl/lib/armv6-m\libm.a(s_cos.o)
 .debug_loc     0x00006082       0x93 D:/Freescale/CW MCU v11.1/MCU/ARM_GCC_Support/ewl/lib/armv6-m\libm.a(round.o)
 .debug_loc     0x00006115       0xc8 D:/Freescale/CW MCU v11.1/MCU/ARM_GCC_Support/ewl/lib/armv6-m\libm.a(s_sin.o)
 .debug_loc     0x000061dd      0x316 D:/Freescale/CW MCU v11.1/MCU/ARM_GCC_Support/ewl/lib/armv6-m\libm.a(e_rem_pio2.o)
 .debug_loc     0x000064f3       0x50 D:/Freescale/CW MCU v11.1/MCU/ARM_GCC_Support/ewl/lib/armv6-m\libm.a(w_atan2.o)
 .debug_loc     0x00006543       0xf4 D:/Freescale/CW MCU v11.1/MCU/ARM_GCC_Support/ewl/lib/armv6-m\libm.a(k_sin.o)
 .debug_loc     0x00006637       0x38 D:/Freescale/CW MCU v11.1/MCU/ARM_GCC_Support/ewl/lib/armv6-m\libm.a(w_sqrt.o)
 .debug_loc     0x0000666f      0x1ed D:/Freescale/CW MCU v11.1/MCU/ARM_GCC_Support/ewl/lib/armv6-m\libm.a(s_modf.o)
 .debug_loc     0x0000685c      0x2d7 D:/Freescale/CW MCU v11.1/MCU/ARM_GCC_Support/ewl/lib/armv6-m\libm.a(math_api.o)
 .debug_loc     0x00006b33      0x66c D:/Freescale/CW MCU v11.1/MCU/ARM_GCC_Support/ewl/lib/armv6-m\libm.a(k_rem_pio2.o)
 .debug_loc     0x0000719f      0x3d7 D:/Freescale/CW MCU v11.1/MCU/ARM_GCC_Support/ewl/lib/armv6-m\libm.a(e_atan2.o)
 .debug_loc     0x00007576      0x10a D:/Freescale/CW MCU v11.1/MCU/ARM_GCC_Support/ewl/lib/armv6-m\libm.a(k_cos.o)
 .debug_loc     0x00007680      0x143 D:/Freescale/CW MCU v11.1/MCU/ARM_GCC_Support/ewl/lib/armv6-m\libm.a(s_floor.o)
 .debug_loc     0x000077c3      0x220 D:/Freescale/CW MCU v11.1/MCU/ARM_GCC_Support/ewl/lib/armv6-m\libm.a(e_sqrt.o)
 .debug_loc     0x000079e3       0x6e D:/Freescale/CW MCU v11.1/MCU/ARM_GCC_Support/ewl/lib/armv6-m\libm.a(scalbn.o)
 .debug_loc     0x00007a51       0xc1 D:/Freescale/CW MCU v11.1/MCU/ARM_GCC_Support/ewl/lib/armv6-m\libm.a(s_frexp.o)
 .debug_loc     0x00007b12      0x16b D:/Freescale/CW MCU v11.1/MCU/ARM_GCC_Support/ewl/lib/armv6-m\libm.a(s_ldexp.o)
 .debug_loc     0x00007c7d      0x2dd D:/Freescale/CW MCU v11.1/MCU/ARM_GCC_Support/ewl/lib/armv6-m\libm.a(s_atan.o)
 .debug_loc     0x00007f5a       0x9d D:/Freescale/CW MCU v11.1/MCU/ARM_GCC_Support/ewl/lib/armv6-m\librt.a(gcc_ctor_dtor.o)
 .debug_loc     0x00007ff7      0x197 D:/Freescale/CW MCU v11.1/MCU/ARM_GCC_Support/ewl/lib/armv6-m\librt.a(__arm_eabi_init.o)
 .debug_loc     0x0000818e       0xd9 D:/Freescale/CW MCU v11.1/MCU/ARM_GCC_Support/ewl/lib/armv6-m\librt.a(ROMCopy.o)

.debug_aranges  0x00000000     0x1150
 .debug_aranges
                0x00000000      0x1d0 ./Generated_Code/tasks.o
 .debug_aranges
                0x000001d0      0x120 ./Generated_Code/queue.o
 .debug_aranges
                0x000002f0       0x90 ./Generated_Code/port.o
 .debug_aranges
                0x00000380       0x40 ./Generated_Code/list.o
 .debug_aranges
                0x000003c0       0x50 ./Generated_Code/heap_4.o
 .debug_aranges
                0x00000410       0x18 ./Generated_Code/Vectors.o
 .debug_aranges
                0x00000428      0x248 ./Generated_Code/UTIL1.o
 .debug_aranges
                0x00000670       0x28 ./Generated_Code/SegLCD1.o
 .debug_aranges
                0x00000698       0x30 ./Generated_Code/PE_LDD.o
 .debug_aranges
                0x000006c8       0x28 ./Generated_Code/MCUC1.o
 .debug_aranges
                0x000006f0       0x30 ./Generated_Code/LED2.o
 .debug_aranges
                0x00000720       0x30 ./Generated_Code/LED1.o
 .debug_aranges
                0x00000750       0x30 ./Generated_Code/FRTOS1.o
 .debug_aranges
                0x00000780       0x30 ./Generated_Code/ExtIntLdd2.o
 .debug_aranges
                0x000007b0       0x30 ./Generated_Code/ExtIntLdd1.o
 .debug_aranges
                0x000007e0       0x20 ./Generated_Code/EInt2.o
 .debug_aranges
                0x00000800       0x20 ./Generated_Code/EInt1.o
 .debug_aranges
                0x00000820       0x48 ./Generated_Code/Cpu.o
 .debug_aranges
                0x00000868       0x40 ./Generated_Code/BitIoLdd2.o
 .debug_aranges
                0x000008a8       0x40 ./Generated_Code/BitIoLdd1.o
 .debug_aranges
                0x000008e8       0x30 ./Project_Settings/Startup_Code/__arm_start.o
 .debug_aranges
                0x00000918       0x20 ./Project_Settings/Startup_Code/__arm_end.o
 .debug_aranges
                0x00000938       0x40 ./Sources/Drivers/GY85/GY85.o
 .debug_aranges
                0x00000978       0x40 ./Sources/Drivers/I2C/I2C.o
 .debug_aranges
                0x000009b8       0x18 ./Sources/Drivers/LCD/s401.o
 .debug_aranges
                0x000009d0       0xb0 ./Sources/Drivers/LCD/LCD.o
 .debug_aranges
                0x00000a80       0x30 ./Sources/Drivers/LSM9DS1/LSM9DS1.o
 .debug_aranges
                0x00000ab0       0x50 ./Sources/Drivers/UART/UART.o
 .debug_aranges
                0x00000b00       0x28 ./Sources/wrappers.o
 .debug_aranges
                0x00000b28       0x38 ./Sources/main.o
 .debug_aranges
                0x00000b60       0x28 ./Sources/common.o
 .debug_aranges
                0x00000b88       0x50 ./Sources/Events.o
 .debug_aranges
                0x00000bd8       0x20 D:/Freescale/CW MCU v11.1/MCU/ARM_GCC_Support/ewl/lib/armv6-m\libc.a(sprintf.o)
 .debug_aranges
                0x00000bf8       0x20 D:/Freescale/CW MCU v11.1/MCU/ARM_GCC_Support/ewl/lib/armv6-m\libc.a(exit.o)
 .debug_aranges
                0x00000c18       0x20 D:/Freescale/CW MCU v11.1/MCU/ARM_GCC_Support/ewl/lib/armv6-m\libc.a(strchr.o)
 .debug_aranges
                0x00000c38       0x20 D:/Freescale/CW MCU v11.1/MCU/ARM_GCC_Support/ewl/lib/armv6-m\libc.a(memset.o)
 .debug_aranges
                0x00000c58       0x20 D:/Freescale/CW MCU v11.1/MCU/ARM_GCC_Support/ewl/lib/armv6-m\libc.a(__filll_mem.o)
 .debug_aranges
                0x00000c78       0x20 D:/Freescale/CW MCU v11.1/MCU/ARM_GCC_Support/ewl/lib/armv6-m\libc.a(memcpy.o)
 .debug_aranges
                0x00000c98       0x20 D:/Freescale/CW MCU v11.1/MCU/ARM_GCC_Support/ewl/lib/armv6-m\libc.a(strlen.o)
 .debug_aranges
                0x00000cb8       0x28 D:/Freescale/CW MCU v11.1/MCU/ARM_GCC_Support/ewl/lib/armv6-m\libc.a(printformat_.o)
 .debug_aranges
                0x00000ce0       0x20 D:/Freescale/CW MCU v11.1/MCU/ARM_GCC_Support/ewl/lib/armv6-m\libc.a(scanformat_.o)
 .debug_aranges
                0x00000d00       0x88 D:/Freescale/CW MCU v11.1/MCU/ARM_GCC_Support/ewl/lib/armv6-m\libc.a(ctype_aeabi.o)
 .debug_aranges
                0x00000d88       0x28 D:/Freescale/CW MCU v11.1/MCU/ARM_GCC_Support/ewl/lib/armv6-m\libc.a(vsnprintf.o)
 .debug_aranges
                0x00000db0       0x20 D:/Freescale/CW MCU v11.1/MCU/ARM_GCC_Support/ewl/lib/armv6-m\libc.a(__strtoul.o)
 .debug_aranges
                0x00000dd0       0x20 D:/Freescale/CW MCU v11.1/MCU/ARM_GCC_Support/ewl/lib/armv6-m\libc.a(memchr.o)
 .debug_aranges
                0x00000df0       0x20 D:/Freescale/CW MCU v11.1/MCU/ARM_GCC_Support/ewl/lib/armv6-m\libm.a(s_cos.o)
 .debug_aranges
                0x00000e10       0x20 D:/Freescale/CW MCU v11.1/MCU/ARM_GCC_Support/ewl/lib/armv6-m\libm.a(round.o)
 .debug_aranges
                0x00000e30       0x20 D:/Freescale/CW MCU v11.1/MCU/ARM_GCC_Support/ewl/lib/armv6-m\libm.a(s_sin.o)
 .debug_aranges
                0x00000e50       0x20 D:/Freescale/CW MCU v11.1/MCU/ARM_GCC_Support/ewl/lib/armv6-m\libm.a(e_rem_pio2.o)
 .debug_aranges
                0x00000e70       0x20 D:/Freescale/CW MCU v11.1/MCU/ARM_GCC_Support/ewl/lib/armv6-m\libm.a(w_atan2.o)
 .debug_aranges
                0x00000e90       0x20 D:/Freescale/CW MCU v11.1/MCU/ARM_GCC_Support/ewl/lib/armv6-m\libm.a(k_sin.o)
 .debug_aranges
                0x00000eb0       0x20 D:/Freescale/CW MCU v11.1/MCU/ARM_GCC_Support/ewl/lib/armv6-m\libm.a(w_sqrt.o)
 .debug_aranges
                0x00000ed0       0x20 D:/Freescale/CW MCU v11.1/MCU/ARM_GCC_Support/ewl/lib/armv6-m\libm.a(s_modf.o)
 .debug_aranges
                0x00000ef0       0x60 D:/Freescale/CW MCU v11.1/MCU/ARM_GCC_Support/ewl/lib/armv6-m\libm.a(math_api.o)
 .debug_aranges
                0x00000f50       0x20 D:/Freescale/CW MCU v11.1/MCU/ARM_GCC_Support/ewl/lib/armv6-m\libm.a(k_rem_pio2.o)
 .debug_aranges
                0x00000f70       0x20 D:/Freescale/CW MCU v11.1/MCU/ARM_GCC_Support/ewl/lib/armv6-m\libm.a(e_atan2.o)
 .debug_aranges
                0x00000f90       0x20 D:/Freescale/CW MCU v11.1/MCU/ARM_GCC_Support/ewl/lib/armv6-m\libm.a(k_cos.o)
 .debug_aranges
                0x00000fb0       0x20 D:/Freescale/CW MCU v11.1/MCU/ARM_GCC_Support/ewl/lib/armv6-m\libm.a(s_floor.o)
 .debug_aranges
                0x00000fd0       0x20 D:/Freescale/CW MCU v11.1/MCU/ARM_GCC_Support/ewl/lib/armv6-m\libm.a(e_sqrt.o)
 .debug_aranges
                0x00000ff0       0x20 D:/Freescale/CW MCU v11.1/MCU/ARM_GCC_Support/ewl/lib/armv6-m\libm.a(scalbn.o)
 .debug_aranges
                0x00001010       0x18 D:/Freescale/CW MCU v11.1/MCU/ARM_GCC_Support/ewl/lib/armv6-m\libm.a(float.o)
 .debug_aranges
                0x00001028       0x20 D:/Freescale/CW MCU v11.1/MCU/ARM_GCC_Support/ewl/lib/armv6-m\libm.a(s_frexp.o)
 .debug_aranges
                0x00001048       0x20 D:/Freescale/CW MCU v11.1/MCU/ARM_GCC_Support/ewl/lib/armv6-m\libm.a(s_ldexp.o)
 .debug_aranges
                0x00001068       0x20 D:/Freescale/CW MCU v11.1/MCU/ARM_GCC_Support/ewl/lib/armv6-m\libm.a(s_atan.o)
 .debug_aranges
                0x00001088       0x28 D:/Freescale/CW MCU v11.1/MCU/ARM_GCC_Support/ewl/lib/armv6-m\librt.a(gcc_ctor_dtor.o)
 .debug_aranges
                0x000010b0       0x58 D:/Freescale/CW MCU v11.1/MCU/ARM_GCC_Support/ewl/lib/armv6-m\librt.a(__arm_eabi_init.o)
 .debug_aranges
                0x00001108       0x30 D:/Freescale/CW MCU v11.1/MCU/ARM_GCC_Support/ewl/lib/armv6-m\librt.a(ROMCopy.o)
 .debug_aranges
                0x00001138       0x18 D:/Freescale/CW MCU v11.1/MCU/ARM_GCC_Support/ewl/lib/armv6-m\libc.a(errno.o)

.debug_macinfo  0x00000000   0x77706e
 .debug_macinfo
                0x00000000    0x3fd6a ./Generated_Code/tasks.o
 .debug_macinfo
                0x0003fd6a    0x3f667 ./Generated_Code/queue.o
 .debug_macinfo
                0x0007f3d1    0x3f435 ./Generated_Code/port.o
 .debug_macinfo
                0x000be806    0x3e65c ./Generated_Code/list.o
 .debug_macinfo
                0x000fce62    0x3ecfe ./Generated_Code/heap_4.o
 .debug_macinfo
                0x0013bb60    0x48064 ./Generated_Code/Vectors.o
 .debug_macinfo
                0x00183bc4    0x3a3ca ./Generated_Code/UTIL1.o
 .debug_macinfo
                0x001bdf8e    0x4167d ./Generated_Code/SegLCD1.o
 .debug_macinfo
                0x001ff60b    0x4801b ./Generated_Code/PE_LDD.o
 .debug_macinfo
                0x00247626    0x39f89 ./Generated_Code/MCUC1.o
 .debug_macinfo
                0x002815af    0x3b1bf ./Generated_Code/LED2.o
 .debug_macinfo
                0x002bc76e    0x3b1b9 ./Generated_Code/LED1.o
 .debug_macinfo
                0x002f7927    0x42e2f ./Generated_Code/FRTOS1.o
 .debug_macinfo
                0x0033a756    0x4242f ./Generated_Code/ExtIntLdd2.o
 .debug_macinfo
                0x0037cb85    0x42431 ./Generated_Code/ExtIntLdd1.o
 .debug_macinfo
                0x003befb6    0x4804c ./Generated_Code/EInt2.o
 .debug_macinfo
                0x00407002    0x4804c ./Generated_Code/EInt1.o
 .debug_macinfo
                0x0044f04e    0x48063 ./Generated_Code/Cpu.o
 .debug_macinfo
                0x004970b1    0x3ed5e ./Generated_Code/BitIoLdd2.o
 .debug_macinfo
                0x004d5e0f    0x3ed58 ./Generated_Code/BitIoLdd1.o
 .debug_macinfo
                0x00514b67     0x3e6d ./Project_Settings/Startup_Code/__arm_start.o
 .debug_macinfo
                0x005189d4     0x3456 ./Project_Settings/Startup_Code/__arm_end.o
 .debug_macinfo
                0x0051be2a    0x477f6 ./Sources/Drivers/GY85/GY85.o
 .debug_macinfo
                0x00563620    0x477e7 ./Sources/Drivers/I2C/I2C.o
 .debug_macinfo
                0x005aae07    0x3a546 ./Sources/Drivers/LCD/s401.o
 .debug_macinfo
                0x005e534d    0x3b192 ./Sources/Drivers/LCD/LCD.o
 .debug_macinfo
                0x006204df    0x477e7 ./Sources/Drivers/LSM9DS1/LSM9DS1.o
 .debug_macinfo
                0x00667cc6    0x322b9 ./Sources/Drivers/UART/UART.o
 .debug_macinfo
                0x00699f7f    0x477fa ./Sources/wrappers.o
 .debug_macinfo
                0x006e1779    0x4b3d1 ./Sources/main.o
 .debug_macinfo
                0x0072cb4a     0x24d8 ./Sources/common.o
 .debug_macinfo
                0x0072f022    0x4804c ./Sources/Events.o

.debug_line     0x00000000     0xc198
 .debug_line    0x00000000      0xb43 ./Generated_Code/tasks.o
 .debug_line    0x00000b43      0x8bb ./Generated_Code/queue.o
 .debug_line    0x000013fe      0x448 ./Generated_Code/port.o
 .debug_line    0x00001846      0x38e ./Generated_Code/list.o
 .debug_line    0x00001bd4      0x416 ./Generated_Code/heap_4.o
 .debug_line    0x00001fea      0x5cf ./Generated_Code/Vectors.o
 .debug_line    0x000025b9      0xaf9 ./Generated_Code/UTIL1.o
 .debug_line    0x000030b2      0x3aa ./Generated_Code/SegLCD1.o
 .debug_line    0x0000345c      0x4e9 ./Generated_Code/PE_LDD.o
 .debug_line    0x00003945      0x231 ./Generated_Code/MCUC1.o
 .debug_line    0x00003b76      0x2da ./Generated_Code/LED2.o
 .debug_line    0x00003e50      0x2da ./Generated_Code/LED1.o
 .debug_line    0x0000412a      0x381 ./Generated_Code/FRTOS1.o
 .debug_line    0x000044ab      0x3b7 ./Generated_Code/ExtIntLdd2.o
 .debug_line    0x00004862      0x3b7 ./Generated_Code/ExtIntLdd1.o
 .debug_line    0x00004c19      0x503 ./Generated_Code/EInt2.o
 .debug_line    0x0000511c      0x503 ./Generated_Code/EInt1.o
 .debug_line    0x0000561f      0x664 ./Generated_Code/Cpu.o
 .debug_line    0x00005c83      0x3b9 ./Generated_Code/BitIoLdd2.o
 .debug_line    0x0000603c      0x3ba ./Generated_Code/BitIoLdd1.o
 .debug_line    0x000063f6      0x2a0 ./Project_Settings/Startup_Code/__arm_start.o
 .debug_line    0x00006696      0x265 ./Project_Settings/Startup_Code/__arm_end.o
 .debug_line    0x000068fb      0x86d ./Sources/Drivers/GY85/GY85.o
 .debug_line    0x00007168      0x85d ./Sources/Drivers/I2C/I2C.o
 .debug_line    0x000079c5      0x254 ./Sources/Drivers/LCD/s401.o
 .debug_line    0x00007c19      0x448 ./Sources/Drivers/LCD/LCD.o
 .debug_line    0x00008061      0x7c7 ./Sources/Drivers/LSM9DS1/LSM9DS1.o
 .debug_line    0x00008828      0x2a6 ./Sources/Drivers/UART/UART.o
 .debug_line    0x00008ace      0x740 ./Sources/wrappers.o
 .debug_line    0x0000920e      0x7be ./Sources/main.o
 .debug_line    0x000099cc       0xde ./Sources/common.o
 .debug_line    0x00009aaa      0x55a ./Sources/Events.o
 .debug_line    0x0000a004       0x93 D:/Freescale/CW MCU v11.1/MCU/ARM_GCC_Support/ewl/lib/armv6-m\libc.a(sprintf.o)
 .debug_line    0x0000a097       0x8d D:/Freescale/CW MCU v11.1/MCU/ARM_GCC_Support/ewl/lib/armv6-m\libc.a(exit.o)
 .debug_line    0x0000a124       0x7d D:/Freescale/CW MCU v11.1/MCU/ARM_GCC_Support/ewl/lib/armv6-m\libc.a(strchr.o)
 .debug_line    0x0000a1a1       0x90 D:/Freescale/CW MCU v11.1/MCU/ARM_GCC_Support/ewl/lib/armv6-m\libc.a(memset.o)
 .debug_line    0x0000a231       0xf6 D:/Freescale/CW MCU v11.1/MCU/ARM_GCC_Support/ewl/lib/armv6-m\libc.a(__filll_mem.o)
 .debug_line    0x0000a327       0x8b D:/Freescale/CW MCU v11.1/MCU/ARM_GCC_Support/ewl/lib/armv6-m\libc.a(memcpy.o)
 .debug_line    0x0000a3b2       0x85 D:/Freescale/CW MCU v11.1/MCU/ARM_GCC_Support/ewl/lib/armv6-m\libc.a(strlen.o)
 .debug_line    0x0000a437      0x2c3 D:/Freescale/CW MCU v11.1/MCU/ARM_GCC_Support/ewl/lib/armv6-m\libc.a(printformat_.o)
 .debug_line    0x0000a6fa      0x2be D:/Freescale/CW MCU v11.1/MCU/ARM_GCC_Support/ewl/lib/armv6-m\libc.a(scanformat_.o)
 .debug_line    0x0000a9b8      0x1be D:/Freescale/CW MCU v11.1/MCU/ARM_GCC_Support/ewl/lib/armv6-m\libc.a(ctype_aeabi.o)
 .debug_line    0x0000ab76       0xd4 D:/Freescale/CW MCU v11.1/MCU/ARM_GCC_Support/ewl/lib/armv6-m\libc.a(vsnprintf.o)
 .debug_line    0x0000ac4a      0x11e D:/Freescale/CW MCU v11.1/MCU/ARM_GCC_Support/ewl/lib/armv6-m\libc.a(__strtoul.o)
 .debug_line    0x0000ad68       0x9f D:/Freescale/CW MCU v11.1/MCU/ARM_GCC_Support/ewl/lib/armv6-m\libc.a(memchr.o)
 .debug_line    0x0000ae07       0xc7 D:/Freescale/CW MCU v11.1/MCU/ARM_GCC_Support/ewl/lib/armv6-m\libm.a(s_cos.o)
 .debug_line    0x0000aece       0x8b D:/Freescale/CW MCU v11.1/MCU/ARM_GCC_Support/ewl/lib/armv6-m\libm.a(round.o)
 .debug_line    0x0000af59       0xc4 D:/Freescale/CW MCU v11.1/MCU/ARM_GCC_Support/ewl/lib/armv6-m\libm.a(s_sin.o)
 .debug_line    0x0000b01d      0x121 D:/Freescale/CW MCU v11.1/MCU/ARM_GCC_Support/ewl/lib/armv6-m\libm.a(e_rem_pio2.o)
 .debug_line    0x0000b13e       0x75 D:/Freescale/CW MCU v11.1/MCU/ARM_GCC_Support/ewl/lib/armv6-m\libm.a(w_atan2.o)
 .debug_line    0x0000b1b3       0xb4 D:/Freescale/CW MCU v11.1/MCU/ARM_GCC_Support/ewl/lib/armv6-m\libm.a(k_sin.o)
 .debug_line    0x0000b267       0x74 D:/Freescale/CW MCU v11.1/MCU/ARM_GCC_Support/ewl/lib/armv6-m\libm.a(w_sqrt.o)
 .debug_line    0x0000b2db       0xca D:/Freescale/CW MCU v11.1/MCU/ARM_GCC_Support/ewl/lib/armv6-m\libm.a(s_modf.o)
 .debug_line    0x0000b3a5      0x173 D:/Freescale/CW MCU v11.1/MCU/ARM_GCC_Support/ewl/lib/armv6-m\libm.a(math_api.o)
 .debug_line    0x0000b518      0x300 D:/Freescale/CW MCU v11.1/MCU/ARM_GCC_Support/ewl/lib/armv6-m\libm.a(k_rem_pio2.o)
 .debug_line    0x0000b818      0x101 D:/Freescale/CW MCU v11.1/MCU/ARM_GCC_Support/ewl/lib/armv6-m\libm.a(e_atan2.o)
 .debug_line    0x0000b919       0xbe D:/Freescale/CW MCU v11.1/MCU/ARM_GCC_Support/ewl/lib/armv6-m\libm.a(k_cos.o)
 .debug_line    0x0000b9d7       0xcf D:/Freescale/CW MCU v11.1/MCU/ARM_GCC_Support/ewl/lib/armv6-m\libm.a(s_floor.o)
 .debug_line    0x0000baa6      0x121 D:/Freescale/CW MCU v11.1/MCU/ARM_GCC_Support/ewl/lib/armv6-m\libm.a(e_sqrt.o)
 .debug_line    0x0000bbc7       0x77 D:/Freescale/CW MCU v11.1/MCU/ARM_GCC_Support/ewl/lib/armv6-m\libm.a(scalbn.o)
 .debug_line    0x0000bc3e       0x60 D:/Freescale/CW MCU v11.1/MCU/ARM_GCC_Support/ewl/lib/armv6-m\libm.a(float.o)
 .debug_line    0x0000bc9e       0xb9 D:/Freescale/CW MCU v11.1/MCU/ARM_GCC_Support/ewl/lib/armv6-m\libm.a(s_frexp.o)
 .debug_line    0x0000bd57       0xc6 D:/Freescale/CW MCU v11.1/MCU/ARM_GCC_Support/ewl/lib/armv6-m\libm.a(s_ldexp.o)
 .debug_line    0x0000be1d       0xee D:/Freescale/CW MCU v11.1/MCU/ARM_GCC_Support/ewl/lib/armv6-m\libm.a(s_atan.o)
 .debug_line    0x0000bf0b       0x6c D:/Freescale/CW MCU v11.1/MCU/ARM_GCC_Support/ewl/lib/armv6-m\librt.a(gcc_ctor_dtor.o)
 .debug_line    0x0000bf77      0x117 D:/Freescale/CW MCU v11.1/MCU/ARM_GCC_Support/ewl/lib/armv6-m\librt.a(__arm_eabi_init.o)
 .debug_line    0x0000c08e       0xbd D:/Freescale/CW MCU v11.1/MCU/ARM_GCC_Support/ewl/lib/armv6-m\librt.a(ROMCopy.o)
 .debug_line    0x0000c14b       0x4d D:/Freescale/CW MCU v11.1/MCU/ARM_GCC_Support/ewl/lib/armv6-m\libc.a(errno.o)

.debug_str      0x00000000     0x3dbd
 .debug_str     0x00000000      0xdd4 ./Generated_Code/tasks.o
                                0xe65 (size before relaxing)
 .debug_str     0x00000dd4      0x581 ./Generated_Code/queue.o
                                0x86a (size before relaxing)
 .debug_str     0x00001355      0x18d ./Generated_Code/port.o
                                0x2f5 (size before relaxing)
 .debug_str     0x000014e2       0xa6 ./Generated_Code/list.o
                                0x281 (size before relaxing)
 .debug_str     0x00001588      0x1e5 ./Generated_Code/heap_4.o
                                0x32c (size before relaxing)
 .debug_str     0x0000176d       0x55 ./Generated_Code/Vectors.o
                                0x17e (size before relaxing)
 .debug_str     0x000017c2      0x767 ./Generated_Code/UTIL1.o
                                0x8d8 (size before relaxing)
 .debug_str     0x00001f29      0x254 ./Generated_Code/SegLCD1.o
                                0x3b0 (size before relaxing)
 .debug_str     0x0000217d      0x172 ./Generated_Code/PE_LDD.o
                                0x2e1 (size before relaxing)
 .debug_str     0x000022ef       0x32 ./Generated_Code/MCUC1.o
                                0x145 (size before relaxing)
 .debug_str     0x00002321       0x45 ./Generated_Code/LED2.o
                                0x187 (size before relaxing)
 .debug_str     0x00002366       0x3f ./Generated_Code/LED1.o
                                0x187 (size before relaxing)
 .debug_str     0x000023a5       0x5d ./Generated_Code/FRTOS1.o
                                0x1a3 (size before relaxing)
 .debug_str     0x00002402       0xfd ./Generated_Code/ExtIntLdd2.o
                                0x32d (size before relaxing)
 .debug_str     0x000024ff       0x87 ./Generated_Code/ExtIntLdd1.o
                                0x32d (size before relaxing)
 .debug_str     0x00002586       0x31 ./Generated_Code/EInt2.o
                                0x16b (size before relaxing)
 .debug_str     0x000025b7       0x31 ./Generated_Code/EInt1.o
                                0x16b (size before relaxing)
 .debug_str     0x000025e8      0x1b0 ./Generated_Code/Cpu.o
                                0x48a (size before relaxing)
 .debug_str     0x00002798       0xc6 ./Generated_Code/BitIoLdd2.o
                                0x2ea (size before relaxing)
 .debug_str     0x0000285e       0xa0 ./Generated_Code/BitIoLdd1.o
                                0x2ea (size before relaxing)
 .debug_str     0x000028fe       0x85 ./Project_Settings/Startup_Code/__arm_start.o
                                0x19f (size before relaxing)
 .debug_str     0x00002983       0x41 ./Project_Settings/Startup_Code/__arm_end.o
                                 0xd6 (size before relaxing)
 .debug_str     0x000029c4       0xef ./Sources/Drivers/GY85/GY85.o
                                0x247 (size before relaxing)
 .debug_str     0x00002ab3       0xae ./Sources/Drivers/I2C/I2C.o
                                0x398 (size before relaxing)
 .debug_str     0x00002b61       0x55 ./Sources/Drivers/LCD/s401.o
                                0x168 (size before relaxing)
 .debug_str     0x00002bb6      0x252 ./Sources/Drivers/LCD/LCD.o
                                0x516 (size before relaxing)
 .debug_str     0x00002e08       0x54 ./Sources/Drivers/LSM9DS1/LSM9DS1.o
                                0x234 (size before relaxing)
 .debug_str     0x00002e5c       0x9e ./Sources/Drivers/UART/UART.o
                                0x2e0 (size before relaxing)